Archive member included to satisfy reference by file (symbol)

/usr/lib/gcc/arm-none-eabi/13.2.1/../../../arm-none-eabi/lib/thumb/v6-m/nofp/libg.a(libc_a-ctype_.o)
                              ./build/obj/chscanf.o (symbol from plugin) (_ctype_)
/usr/lib/gcc/arm-none-eabi/13.2.1/thumb/v6-m/nofp/libgcc.a(_udivsi3.o)
                              /tmp/cc92mjrv.ltrans0.ltrans.o (__aeabi_uidiv)
/usr/lib/gcc/arm-none-eabi/13.2.1/thumb/v6-m/nofp/libgcc.a(_divsi3.o)
                              /tmp/cc92mjrv.ltrans0.ltrans.o (__aeabi_idiv)
/usr/lib/gcc/arm-none-eabi/13.2.1/thumb/v6-m/nofp/libgcc.a(_dvmd_tls.o)
                              /usr/lib/gcc/arm-none-eabi/13.2.1/thumb/v6-m/nofp/libgcc.a(_udivsi3.o) (__aeabi_idiv0)
/usr/lib/gcc/arm-none-eabi/13.2.1/../../../arm-none-eabi/lib/thumb/v6-m/nofp/libg.a(libc_a-memset.o)
                              /tmp/cc92mjrv.ltrans0.ltrans.o (memset)
/usr/lib/gcc/arm-none-eabi/13.2.1/../../../arm-none-eabi/lib/thumb/v6-m/nofp/libg.a(libc_a-memcpy-stub.o)
                              /tmp/cc92mjrv.ltrans0.ltrans.o (memcpy)

Discarded input sections

 .data          0x00000000        0x0 ./build/obj/crt0_v6m.o
 .bss           0x00000000        0x0 ./build/obj/crt0_v6m.o
 .data          0x00000000        0x0 ./build/obj/vectors.o
 .bss           0x00000000        0x0 ./build/obj/vectors.o
 .data          0x00000000        0x0 ./build/obj/chcoreasm.o
 .bss           0x00000000        0x0 ./build/obj/chcoreasm.o
 .text          0x00000000        0x0 /tmp/cc92mjrv.ltrans0.ltrans.o
 .data          0x00000000        0x0 /tmp/cc92mjrv.ltrans0.ltrans.o
 .bss           0x00000000        0x0 /tmp/cc92mjrv.ltrans0.ltrans.o
 .comment       0x00000000       0x27 /tmp/cc4xEMo7.debug.temp.o
 .debug_info    0x00000000      0x12e /tmp/ccSkG1V5.debug.temp.o
 .debug_abbrev  0x00000000       0xe1 /tmp/ccSkG1V5.debug.temp.o
 .debug_line    0x00000000       0x43 /tmp/ccSkG1V5.debug.temp.o
 .debug_str     0x00000000      0x1f5 /tmp/ccSkG1V5.debug.temp.o
 .debug_line_str
                0x00000000       0xa0 /tmp/ccSkG1V5.debug.temp.o
 .comment       0x00000000       0x27 /tmp/ccSkG1V5.debug.temp.o
 .comment       0x00000000       0x27 /tmp/cc6a8Wn0.debug.temp.o
 .comment       0x00000000       0x27 /tmp/ccN1pDc6.debug.temp.o
 .debug_info    0x00000000      0xb9a /tmp/ccEpjzGa.debug.temp.o
 .debug_abbrev  0x00000000      0x1f4 /tmp/ccEpjzGa.debug.temp.o
 .debug_line    0x00000000       0xa2 /tmp/ccEpjzGa.debug.temp.o
 .debug_str     0x00000000      0x748 /tmp/ccEpjzGa.debug.temp.o
 .debug_line_str
                0x00000000      0x1c5 /tmp/ccEpjzGa.debug.temp.o
 .comment       0x00000000       0x27 /tmp/ccEpjzGa.debug.temp.o
 .comment       0x00000000       0x27 /tmp/ccsJm5AT.debug.temp.o
 .comment       0x00000000       0x27 /tmp/ccYsPPnR.debug.temp.o
 .debug_info    0x00000000       0x7a /tmp/ccaU0Oa9.debug.temp.o
 .debug_abbrev  0x00000000       0x26 /tmp/ccaU0Oa9.debug.temp.o
 .debug_line    0x00000000       0x31 /tmp/ccaU0Oa9.debug.temp.o
 .debug_str     0x00000000      0x18d /tmp/ccaU0Oa9.debug.temp.o
 .debug_line_str
                0x00000000       0x37 /tmp/ccaU0Oa9.debug.temp.o
 .comment       0x00000000       0x27 /tmp/ccaU0Oa9.debug.temp.o
 .debug_info    0x00000000      0x5d3 /tmp/ccDmvzQU.debug.temp.o
 .debug_abbrev  0x00000000      0x1e5 /tmp/ccDmvzQU.debug.temp.o
 .debug_line    0x00000000       0x97 /tmp/ccDmvzQU.debug.temp.o
 .debug_str     0x00000000      0x42b /tmp/ccDmvzQU.debug.temp.o
 .debug_line_str
                0x00000000      0x1be /tmp/ccDmvzQU.debug.temp.o
 .comment       0x00000000       0x27 /tmp/ccDmvzQU.debug.temp.o
 .comment       0x00000000       0x27 /tmp/cc37DOgf.debug.temp.o
 .comment       0x00000000       0x27 /tmp/cc29EoJn.debug.temp.o
 .comment       0x00000000       0x27 /tmp/ccBWz6HV.debug.temp.o
 .comment       0x00000000       0x27 /tmp/cc4hRecH.debug.temp.o
 .debug_info    0x00000000      0x581 /tmp/ccZWbpMi.debug.temp.o
 .debug_abbrev  0x00000000      0x15f /tmp/ccZWbpMi.debug.temp.o
 .debug_line    0x00000000       0x68 /tmp/ccZWbpMi.debug.temp.o
 .debug_str     0x00000000      0x4e1 /tmp/ccZWbpMi.debug.temp.o
 .debug_line_str
                0x00000000      0x102 /tmp/ccZWbpMi.debug.temp.o
 .comment       0x00000000       0x27 /tmp/ccZWbpMi.debug.temp.o
 .comment       0x00000000       0x27 /tmp/cc2DNMOn.debug.temp.o
 .comment       0x00000000       0x27 /tmp/ccVVoJ8b.debug.temp.o
 .comment       0x00000000       0x27 /tmp/ccU3xWNV.debug.temp.o
 .comment       0x00000000       0x27 /tmp/ccbdNxyw.debug.temp.o
 .debug_info    0x00000000       0x7a /tmp/ccvjlZgu.debug.temp.o
 .debug_abbrev  0x00000000       0x26 /tmp/ccvjlZgu.debug.temp.o
 .debug_line    0x00000000       0x31 /tmp/ccvjlZgu.debug.temp.o
 .debug_str     0x00000000      0x1a1 /tmp/ccvjlZgu.debug.temp.o
 .debug_line_str
                0x00000000       0x4b /tmp/ccvjlZgu.debug.temp.o
 .comment       0x00000000       0x27 /tmp/ccvjlZgu.debug.temp.o
[...]
Memory Configuration

Name             Origin             Length             Attributes
flash0           0x08000000         0x00020000         xr
flash1           0x00000000         0x00000000         xr
flash2           0x00000000         0x00000000         xr
flash3           0x00000000         0x00000000         xr
flash4           0x00000000         0x00000000         xr
flash5           0x00000000         0x00000000         xr
flash6           0x00000000         0x00000000         xr
flash7           0x00000000         0x00000000         xr
ram0             0x20000000         0x00006000         xw
ram1             0x00000000         0x00000000         xw
ram2             0x00000000         0x00000000         xw
ram3             0x00000000         0x00000000         xw
ram4             0x00000000         0x00000000         xw
ram5             0x00000000         0x00000000         xw
ram6             0x00000000         0x00000000         xw
ram7             0x00000000         0x00000000         xw
*default*        0x00000000         0xffffffff

Linker script and memory map

LOAD ./build/obj/crt0_v6m.o
LOAD ./build/obj/vectors.o
LOAD ./build/obj/chcoreasm.o
LOAD ./build/obj/crt1.o
LOAD /tmp/cc92mjrv.ltrans0.ltrans.o
LOAD /tmp/cc4xEMo7.debug.temp.o
LOAD /tmp/ccSkG1V5.debug.temp.o
LOAD /tmp/cc6a8Wn0.debug.temp.o
LOAD /tmp/ccN1pDc6.debug.temp.o
LOAD /tmp/ccEpjzGa.debug.temp.o
LOAD /tmp/ccsJm5AT.debug.temp.o
LOAD /tmp/ccYsPPnR.debug.temp.o
LOAD /tmp/ccaU0Oa9.debug.temp.o
LOAD /tmp/ccDmvzQU.debug.temp.o
LOAD /tmp/cc37DOgf.debug.temp.o
LOAD /tmp/cc29EoJn.debug.temp.o
LOAD /tmp/ccBWz6HV.debug.temp.o
LOAD /tmp/cc4hRecH.debug.temp.o
LOAD /tmp/ccZWbpMi.debug.temp.o
LOAD /tmp/cc2DNMOn.debug.temp.o
LOAD /tmp/ccVVoJ8b.debug.temp.o
LOAD /tmp/ccU3xWNV.debug.temp.o
LOAD /tmp/ccbdNxyw.debug.temp.o
LOAD /tmp/ccvjlZgu.debug.temp.o
LOAD /tmp/cc7xLo1I.debug.temp.o
LOAD /tmp/ccDWNiOV.debug.temp.o
LOAD /tmp/ccDTnGiF.debug.temp.o
LOAD /tmp/ccgaDdP0.debug.temp.o
LOAD /tmp/cctLbxdh.debug.temp.o
LOAD /tmp/ccgjfDgE.debug.temp.o
LOAD /tmp/ccntBsvV.debug.temp.o
LOAD /tmp/ccY4wRJD.debug.temp.o
LOAD /tmp/ccUG8iUN.debug.temp.o
LOAD /tmp/ccHQqBGD.debug.temp.o
LOAD /tmp/cc8WRlei.debug.temp.o
LOAD /tmp/ccgtpwt7.debug.temp.o
LOAD /tmp/ccQSFLza.debug.temp.o
LOAD /tmp/ccRs74bs.debug.temp.o
LOAD /tmp/ccdXGSn8.debug.temp.o
LOAD /tmp/ccuVjFIk.debug.temp.o
LOAD /tmp/ccHfWPUP.debug.temp.o
LOAD /tmp/ccPxziRY.debug.temp.o
LOAD /tmp/ccHYYCmw.debug.temp.o
LOAD /tmp/cc21kdH5.debug.temp.o
LOAD /tmp/cc4FHL2M.debug.temp.o
LOAD /tmp/cc6iglE6.debug.temp.o
LOAD /tmp/ccs1GK1Z.debug.temp.o
LOAD /tmp/cc3nb7CG.debug.temp.o
LOAD /tmp/ccJ2j1jy.debug.temp.o
LOAD /tmp/cc2PNvLj.debug.temp.o
LOAD /tmp/cckXGENN.debug.temp.o
LOAD /tmp/ccpl7YuW.debug.temp.o
LOAD /tmp/ccG1UUyG.debug.temp.o
LOAD /tmp/ccJi1Dqe.debug.temp.o
LOAD /tmp/ccYk1ZTi.debug.temp.o
LOAD /tmp/cc0RRNeg.debug.temp.o
LOAD /tmp/ccPvISou.debug.temp.o
LOAD /tmp/ccspjPaB.debug.temp.o
LOAD /tmp/ccOswDs5.debug.temp.o
LOAD /tmp/ccYLJThz.debug.temp.o
LOAD /tmp/ccupCvBl.debug.temp.o
LOAD /tmp/ccJFDymp.debug.temp.o
LOAD /tmp/ccx5mnfh.debug.temp.o
LOAD /tmp/ccNcbsLK.debug.temp.o
LOAD ./build/obj/oop_base_object.o
LOAD ./build/obj/hal.o
LOAD ./build/obj/hal_st.o
LOAD ./build/obj/hal_buffered_serial.o
LOAD ./build/obj/hal_buffers.o
LOAD ./build/obj/hal_queues.o
LOAD ./build/obj/hal_mmcsd.o
LOAD ./build/obj/hal_pal.o
LOAD ./build/obj/hal_pwm.o
LOAD ./build/obj/hal_serial.o
LOAD ./build/obj/hal_serial_usb.o
LOAD ./build/obj/hal_usb.o
LOAD ./build/obj/hal_flash.o
LOAD ./build/obj/nvic.o
LOAD ./build/obj/stm32_isr.o
LOAD ./build/obj/hal_lld.o
LOAD ./build/obj/stm32_dma.o
LOAD ./build/obj/stm32_exti.o
LOAD ./build/obj/hal_pal_lld.o
LOAD ./build/obj/hal_st_lld.o
LOAD ./build/obj/hal_pwm_lld.o
LOAD ./build/obj/hal_serial_lld.o
LOAD ./build/obj/hal_usb_lld.o
LOAD ./build/obj/board.o
LOAD ./build/obj/osal.o
LOAD ./build/obj/chsys.o
LOAD ./build/obj/chrfcu.o
LOAD ./build/obj/chdebug.o
LOAD ./build/obj/chtrace.o
LOAD ./build/obj/chvt.o
LOAD ./build/obj/chschd.o
LOAD ./build/obj/chinstances.o
LOAD ./build/obj/chthreads.o
LOAD ./build/obj/chregistry.o
LOAD ./build/obj/chsem.o
LOAD ./build/obj/chmtx.o
LOAD ./build/obj/chcond.o
LOAD ./build/obj/chevents.o
LOAD ./build/obj/chmsg.o
LOAD ./build/obj/chdynamic.o
LOAD ./build/obj/chmboxes.o
LOAD ./build/obj/chmemcore.o
LOAD ./build/obj/chmemheaps.o
LOAD ./build/obj/chmempools.o
LOAD ./build/obj/chpipes.o
LOAD ./build/obj/chobjcaches.o
LOAD ./build/obj/chdelegates.o
LOAD ./build/obj/chfactory.o
LOAD ./build/obj/chcore.o
LOAD ./build/obj/chprintf.o
LOAD ./build/obj/chscanf.o
LOAD ./build/obj/memstreams.o
LOAD ./build/obj/nullstreams.o
LOAD ./build/obj/bufstreams.o
LOAD ./build/obj/usbcfg.o
LOAD ./build/obj/portab.o
LOAD ./build/obj/ee_ws2812b_chibios_driver.o
LOAD ./build/obj/main.o

.mstack         0x20000000      0x400
                0x20000000                        . = ALIGN (0x8)
                0x20000000                        __main_stack_base__ = .
                0x20000400                        . = (. + __main_stack_size__)
 *fill*         0x20000000      0x400 
                0x20000400                        . = ALIGN (0x8)
                0x20000400                        __main_stack_end__ = .

.pstack         0x20000400      0x400
                0x20000400                        . = ALIGN (0x8)
                0x20000400                        __process_stack_base__ = .
                0x20000400                        __main_thread_stack_base__ = .
                0x20000800                        . = (. + __process_stack_size__)
 *fill*         0x20000400      0x400 
                0x20000800                        . = ALIGN (0x8)
                0x20000800                        __process_stack_end__ = .
                0x20000800                        __main_thread_stack_end__ = .

.vectors        0x08000000       0xc0
                0x08000000                        __textvectors_base__ = LOADADDR (.vectors)
                0x08000000                        __vectors_base__ = .
 *(.vectors)
 .vectors       0x08000000       0xc0 ./build/obj/vectors.o
                0x08000000                _vectors
                0x080000c0                        __vectors_end__ = .

.xtors          0x080000c0        0x0
                0x080000c0                        __init_array_base__ = .
 *(SORT_BY_NAME(.init_array.*))
 *(.init_array)
                0x080000c0                        __init_array_end__ = .
                0x080000c0                        __fini_array_base__ = .
 *(.fini_array)
 *(SORT_BY_NAME(.fini_array.*))
                0x080000c0                        __fini_array_end__ = .

.text           0x080000c0     0x3af0
                0x080000c0                        __text_base__ = .
 *(.text)
 .text          0x080000c0       0xd0 ./build/obj/crt0_v6m.o
                0x080000c0                _crt0_entry
 .text          0x08000190        0x8 ./build/obj/vectors.o
                0x08000190                Reset_Handler
                0x08000192                Vector9C
                0x08000192                VectorAC
                0x08000192                DebugMon_Handler
                0x08000192                HardFault_Handler
                0x08000192                Vector8C
                0x08000192                SysTick_Handler
                0x08000192                PendSV_Handler
                0x08000192                VectorA8
                0x08000192                VectorB4
                0x08000192                Vector74
                0x08000192                UsageFault_Handler
                0x08000192                Vector40
                0x08000192                VectorBC
                0x08000192                Vector24
                0x08000192                Vector84
                0x08000192                SecureFault_Handler
                0x08000192                MemManage_Handler
                0x08000192                Vector6C
                0x08000192                VectorA0
                0x08000192                SVC_Handler
                0x08000192                Vector7C
                0x08000192                Vector90
                0x08000192                Vector48
                0x08000192                Vector70
                0x08000192                Vector4C
                0x08000192                Vector80
                0x08000192                Vector78
                0x08000192                Vector88
                0x08000192                BusFault_Handler
                0x08000192                Vector50
                0x08000192                Vector44
                0x08000192                Vector28
                0x08000192                VectorB8
                0x08000192                Vector34
                0x08000192                VectorA4
                0x08000192                Vector20
                0x08000196                _unhandled_exception
 .text          0x08000198       0x44 ./build/obj/chcoreasm.o
                0x08000198                __port_switch
                0x080001b8                __port_thread_start
                0x080001c6                __port_switch_from_isr
                0x080001ca                __port_exit_from_isr
 .text          0x080001dc       0xa8 /usr/lib/gcc/arm-none-eabi/13.2.1/../../../arm-none-eabi/lib/thumb/v6-m/nofp/libg.a(libc_a-memset.o)
                0x080001dc                memset
 .text          0x08000284       0x8c /usr/lib/gcc/arm-none-eabi/13.2.1/../../../arm-none-eabi/lib/thumb/v6-m/nofp/libg.a(libc_a-memcpy-stub.o)
                0x08000284                memcpy
 .text          0x08000310      0x114 /usr/lib/gcc/arm-none-eabi/13.2.1/thumb/v6-m/nofp/libgcc.a(_udivsi3.o)
                0x08000310                __udivsi3
                0x08000310                __aeabi_uidiv
                0x0800041c                __aeabi_uidivmod
 .text          0x08000424        0x4 /usr/lib/gcc/arm-none-eabi/13.2.1/thumb/v6-m/nofp/libgcc.a(_dvmd_tls.o)
                0x08000424                __aeabi_ldiv0
                0x08000424                __aeabi_idiv0
 *(.text.*)
 *fill*         0x08000428        0x8 
 .text._ctl.lto_priv.0
                0x08000430       0x10 /tmp/cc92mjrv.ltrans0.ltrans.o
 .text._ctl.lto_priv.1
                0x08000440        0x4 /tmp/cc92mjrv.ltrans0.ltrans.o
 *fill*         0x08000444        0xc 
 .text.sduRequestsHook
                0x08000450       0x40 /tmp/cc92mjrv.ltrans0.ltrans.o
 .text.sduInterruptTransmitted
                0x08000490        0x4 /tmp/cc92mjrv.ltrans0.ltrans.o
 *fill*         0x08000494        0xc 
 .text.set_address
                0x080004a0       0x28 /tmp/cc92mjrv.ltrans0.ltrans.o
 *fill*         0x080004c8        0x8 
 .text.usbStartReceiveI
                0x080004d0       0x5c /tmp/cc92mjrv.ltrans0.ltrans.o
 *fill*         0x0800052c        0x4 
 .text.sdu_start_receive.isra.0
                0x08000530       0x44 /tmp/cc92mjrv.ltrans0.ltrans.o
 *fill*         0x08000574        0xc 
 .text.ibnotify
                0x08000580       0x44 /tmp/cc92mjrv.ltrans0.ltrans.o
 *fill*         0x080005c4        0xc 
 .text.nvicEnableVector
                0x080005d0       0x44 /tmp/cc92mjrv.ltrans0.ltrans.o
 *fill*         0x08000614        0xc 
 .text.notify2  0x08000620       0x10 /tmp/cc92mjrv.ltrans0.ltrans.o
 .text.usb_lld_init_endpoint
                0x08000630       0xbc /tmp/cc92mjrv.ltrans0.ltrans.o
 *fill*         0x080006ec        0x4 
 .text.__idle_thread
                0x080006f0        0x4 /tmp/cc92mjrv.ltrans0.ltrans.o
 *fill*         0x080006f4        0xc 
 .text.chCoreAllocFromTop
                0x08000700       0x28 /tmp/cc92mjrv.ltrans0.ltrans.o
 *fill*         0x08000728        0x8 
 .text.chCoreAllocAlignedI
                0x08000730       0x24 /tmp/cc92mjrv.ltrans0.ltrans.o
 *fill*         0x08000754        0xc 
 .text.get_descriptor
                0x08000760       0x30 /tmp/cc92mjrv.ltrans0.ltrans.o
 .text.dma_callback
                0x08000790       0x10 /tmp/cc92mjrv.ltrans0.ltrans.o
 .text._pal_lld_setgroupmode.constprop.0
                0x080007a0       0xd8 /tmp/cc92mjrv.ltrans0.ltrans.o
 *fill*         0x08000878        0x8 
 .text.ee_ws2812b_set_color_rgb.isra.0
                0x08000880       0x44 /tmp/cc92mjrv.ltrans0.ltrans.o
 *fill*         0x080008c4        0xc 
 .text.usb_packet_write_from_buffer.isra.0
                0x080008d0       0x58 /tmp/cc92mjrv.ltrans0.ltrans.o
 *fill*         0x08000928        0x8 
 .text.usbStartTransmitI
                0x08000930       0x58 /tmp/cc92mjrv.ltrans0.ltrans.o
 *fill*         0x08000988        0x8 
 .text.obnotify
                0x08000990       0x44 /tmp/cc92mjrv.ltrans0.ltrans.o
 *fill*         0x080009d4        0xc 
 .text._usb_ep0setup
                0x080009e0      0x3e4 /tmp/cc92mjrv.ltrans0.ltrans.o
 *fill*         0x08000dc4        0xc 
 .text._usb_ep0in
                0x08000dd0       0xbc /tmp/cc92mjrv.ltrans0.ltrans.o
 *fill*         0x08000e8c        0x4 
 .text._usb_ep0out
                0x08000e90       0x90 /tmp/cc92mjrv.ltrans0.ltrans.o
 .text.sof_handler
                0x08000f20       0x80 /tmp/cc92mjrv.ltrans0.ltrans.o
 .text.__sch_wakeup
                0x08000fa0       0x54 /tmp/cc92mjrv.ltrans0.ltrans.o
 *fill*         0x08000ff4        0xc 
 .text.chEvtBroadcastFlagsI
                0x08001000       0x90 /tmp/cc92mjrv.ltrans0.ltrans.o
 .text.sduDataTransmitted
                0x08001090       0xc8 /tmp/cc92mjrv.ltrans0.ltrans.o
 *fill*         0x08001158        0x8 
 .text.sduDataReceived
                0x08001160       0x88 /tmp/cc92mjrv.ltrans0.ltrans.o
 *fill*         0x080011e8        0x8 
 .text.vt_insert_first.constprop.0
                0x080011f0       0x74 /tmp/cc92mjrv.ltrans0.ltrans.o
 *fill*         0x08001264        0xc 
 .text.chSchGoSleepTimeoutS
                0x08001270      0x1dc /tmp/cc92mjrv.ltrans0.ltrans.o
 *fill*         0x0800144c        0x4 
 .text.obqPutTimeout
                0x08001450       0xac /tmp/cc92mjrv.ltrans0.ltrans.o
 *fill*         0x080014fc        0x4 
 .text._put.lto_priv.1
                0x08001500       0x10 /tmp/cc92mjrv.ltrans0.ltrans.o
 .text._putt.lto_priv.1
                0x08001510        0xc /tmp/cc92mjrv.ltrans0.ltrans.o
 *fill*         0x0800151c        0x4 
 .text.ibqGetTimeout
                0x08001520       0xa0 /tmp/cc92mjrv.ltrans0.ltrans.o
 .text._get.lto_priv.1
                0x080015c0       0x10 /tmp/cc92mjrv.ltrans0.ltrans.o
 .text._gett.lto_priv.1
                0x080015d0        0xc /tmp/cc92mjrv.ltrans0.ltrans.o
 *fill*         0x080015dc        0x4 
 .text.ibqReadTimeout
                0x080015e0       0xfc /tmp/cc92mjrv.ltrans0.ltrans.o
 *fill*         0x080016dc        0x4 
 .text._read.lto_priv.1
                0x080016e0       0x10 /tmp/cc92mjrv.ltrans0.ltrans.o
 .text._readt.lto_priv.1
                0x080016f0        0xc /tmp/cc92mjrv.ltrans0.ltrans.o
 *fill*         0x080016fc        0x4 
 .text.obqWriteTimeout
                0x08001700      0x100 /tmp/cc92mjrv.ltrans0.ltrans.o
 .text._write.lto_priv.1
                0x08001800       0x10 /tmp/cc92mjrv.ltrans0.ltrans.o
 .text._writet.lto_priv.1
                0x08001810        0xc /tmp/cc92mjrv.ltrans0.ltrans.o
 *fill*         0x0800181c        0x4 
 .text.iqGetTimeout
                0x08001820       0x6c /tmp/cc92mjrv.ltrans0.ltrans.o
 *fill*         0x0800188c        0x4 
 .text._get.lto_priv.0
                0x08001890       0x10 /tmp/cc92mjrv.ltrans0.ltrans.o
 .text._gett.lto_priv.0
                0x080018a0        0xc /tmp/cc92mjrv.ltrans0.ltrans.o
 *fill*         0x080018ac        0x4 
 .text.iqReadTimeout
                0x080018b0       0xd4 /tmp/cc92mjrv.ltrans0.ltrans.o
 *fill*         0x08001984        0xc 
 .text._read.lto_priv.0
                0x08001990       0x10 /tmp/cc92mjrv.ltrans0.ltrans.o
 .text._readt.lto_priv.0
                0x080019a0        0xc /tmp/cc92mjrv.ltrans0.ltrans.o
 *fill*         0x080019ac        0x4 
 .text.oqPutTimeout
                0x080019b0       0x70 /tmp/cc92mjrv.ltrans0.ltrans.o
 .text._put.lto_priv.0
                0x08001a20       0x10 /tmp/cc92mjrv.ltrans0.ltrans.o
 .text._putt.lto_priv.0
                0x08001a30        0xc /tmp/cc92mjrv.ltrans0.ltrans.o
 *fill*         0x08001a3c        0x4 
 .text.oqWriteTimeout
                0x08001a40       0xd4 /tmp/cc92mjrv.ltrans0.ltrans.o
 *fill*         0x08001b14        0xc 
 .text._write.lto_priv.0
                0x08001b20       0x10 /tmp/cc92mjrv.ltrans0.ltrans.o
 .text._writet.lto_priv.0
                0x08001b30        0xc /tmp/cc92mjrv.ltrans0.ltrans.o
 *fill*         0x08001b3c        0x4 
 .text.ee_ws2812b_render.isra.0
                0x08001b40       0xa8 /tmp/cc92mjrv.ltrans0.ltrans.o
 *fill*         0x08001be8        0x8 
 .text.usb_event
                0x08001bf0      0x200 /tmp/cc92mjrv.ltrans0.ltrans.o
 .text.chprintf.constprop.0
                0x08001df0      0x414 /tmp/cc92mjrv.ltrans0.ltrans.o
 *fill*         0x08002204        0xc 
 .text.__cpu_init
                0x08002210        0x4 /tmp/cc92mjrv.ltrans0.ltrans.o
                0x08002210                __cpu_init
 *fill*         0x08002214        0xc 
 .text.__late_init
                0x08002220        0x4 /tmp/cc92mjrv.ltrans0.ltrans.o
                0x08002220                __late_init
 *fill*         0x08002224        0xc 
 .text.__default_exit
                0x08002230        0x4 /tmp/cc92mjrv.ltrans0.ltrans.o
                0x08002230                __default_exit
 *fill*         0x08002234        0xc 
 .text.__init_ram_areas
                0x08002240       0x4c /tmp/cc92mjrv.ltrans0.ltrans.o
                0x08002240                __init_ram_areas
 *fill*         0x0800228c        0x4 
 .text.Vector68
                0x08002290       0x98 /tmp/cc92mjrv.ltrans0.ltrans.o
                0x08002290                Vector68
 *fill*         0x08002328        0x8 
 .text.Vector54
                0x08002330      0x10c /tmp/cc92mjrv.ltrans0.ltrans.o
                0x08002330                Vector54
 *fill*         0x0800243c        0x4 
 .text.Vector58
                0x08002440      0x118 /tmp/cc92mjrv.ltrans0.ltrans.o
                0x08002440                Vector58
 *fill*         0x08002558        0x8 
 .text.Vector5C
                0x08002560      0x498 /tmp/cc92mjrv.ltrans0.ltrans.o
                0x08002560                Vector5C
 *fill*         0x080029f8        0x8 
 .text.VectorB0
                0x08002a00      0x204 /tmp/cc92mjrv.ltrans0.ltrans.o
                0x08002a00                VectorB0
 *fill*         0x08002c04        0xc 
 .text.Vector94
                0x08002c10       0xa8 /tmp/cc92mjrv.ltrans0.ltrans.o
                0x08002c10                Vector94
 *fill*         0x08002cb8        0x8 
 .text.Vector98
                0x08002cc0      0x18c /tmp/cc92mjrv.ltrans0.ltrans.o
                0x08002cc0                Vector98
 *fill*         0x08002e4c        0x4 
 .text.Vector64
                0x08002e50       0x6c /tmp/cc92mjrv.ltrans0.ltrans.o
                0x08002e50                Vector64
 *fill*         0x08002ebc        0x4 
 .text.Vector60
                0x08002ec0      0x390 /tmp/cc92mjrv.ltrans0.ltrans.o
                0x08002ec0                Vector60
 .text.__early_init
                0x08003250      0x1d8 /tmp/cc92mjrv.ltrans0.ltrans.o
                0x08003250                __early_init
 *fill*         0x08003428        0x8 
 .text.chSchDoPreemption
                0x08003430       0x3c /tmp/cc92mjrv.ltrans0.ltrans.o
                0x08003430                chSchDoPreemption
 *fill*         0x0800346c        0x4 
 .text.chThdExit
                0x08003470       0x84 /tmp/cc92mjrv.ltrans0.ltrans.o
                0x08003470                chThdExit
 *fill*         0x080034f4        0xc 
 .text.NMI_Handler
                0x08003500       0x10 /tmp/cc92mjrv.ltrans0.ltrans.o
                0x08003500                NMI_Handler
 .text.startup.main
                0x08003510      0x6a0 /tmp/cc92mjrv.ltrans0.ltrans.o
                0x08003510                main
 *(.glue_7t)
 .glue_7t       0x08003bb0        0x0 linker stubs
 *(.glue_7)
 .glue_7        0x08003bb0        0x0 linker stubs
 *(.gcc*)
                0x08003bb0                        __text_end__ = .

.vfp11_veneer   0x08003bb0        0x0
 .vfp11_veneer  0x08003bb0        0x0 linker stubs

.v4_bx          0x08003bb0        0x0
 .v4_bx         0x08003bb0        0x0 linker stubs

.iplt           0x08003bb0        0x0
 .iplt          0x08003bb0        0x0 ./build/obj/crt0_v6m.o

.rodata         0x08003bb0      0x5f4
                0x08003bb0                        __rodata_base__ = .
 *(.rodata)
 *(.rodata.*)
 .rodata._usb_ep0in
                0x08003bb0       0x58 /tmp/cc92mjrv.ltrans0.ltrans.o
 .rodata._usb_ep0out
                0x08003c08       0x58 /tmp/cc92mjrv.ltrans0.ltrans.o
 .rodata.__sch_wakeup
                0x08003c60       0x34 /tmp/cc92mjrv.ltrans0.ltrans.o
 .rodata.chprintf.constprop.0.str1.4
                0x08003c94       0x23 /tmp/cc92mjrv.ltrans0.ltrans.o
                                 0x17 (size before relaxing)
 *fill*         0x08003cb7        0x1 
 .rodata.chprintf.constprop.0
                0x08003cb8      0x1a8 /tmp/cc92mjrv.ltrans0.ltrans.o
 .rodata.main.str1.4
                0x08003e60        0x5 /tmp/cc92mjrv.ltrans0.ltrans.o
 .rodata.vcom_configuration_descriptor_data
                0x08003e60       0x43 /tmp/cc92mjrv.ltrans0.ltrans.o
 *fill*         0x08003ea3        0x1 
 .rodata.vcom_device_descriptor_data
                0x08003ea4       0x12 /tmp/cc92mjrv.ltrans0.ltrans.o
 *fill*         0x08003eb6        0x2 
 .rodata.vcom_string3
                0x08003eb8        0x8 /tmp/cc92mjrv.ltrans0.ltrans.o
 .rodata.vcom_string2
                0x08003ec0       0x38 /tmp/cc92mjrv.ltrans0.ltrans.o
 .rodata.vcom_string1
                0x08003ef8       0x26 /tmp/cc92mjrv.ltrans0.ltrans.o
 *fill*         0x08003f1e        0x2 
 .rodata.vcom_string0
                0x08003f20        0x4 /tmp/cc92mjrv.ltrans0.ltrans.o
 .rodata.pwm_zero_buf
                0x08003f24        0x1 /tmp/cc92mjrv.ltrans0.ltrans.o
 *fill*         0x08003f25        0x3 
 .rodata.vmt.lto_priv.0
                0x08003f28       0x28 /tmp/cc92mjrv.ltrans0.ltrans.o
 .rodata.ch_debug
                0x08003f50       0x2c /tmp/cc92mjrv.ltrans0.ltrans.o
 .rodata.str1.4
                0x08003f7c        0x3 /tmp/cc92mjrv.ltrans0.ltrans.o
 .rodata.ch_core0_cfg
                0x08003f7c       0x14 /tmp/cc92mjrv.ltrans0.ltrans.o
 .rodata.vmt.lto_priv.1
                0x08003f90       0x28 /tmp/cc92mjrv.ltrans0.ltrans.o
 .rodata.pwm_cfg
                0x08003fb8       0x48 /tmp/cc92mjrv.ltrans0.ltrans.o
 .rodata.usbcfg
                0x08004000       0x10 /tmp/cc92mjrv.ltrans0.ltrans.o
 .rodata.serusbcfg
                0x08004010        0x8 /tmp/cc92mjrv.ltrans0.ltrans.o
 .rodata.ep2config
                0x08004018       0x24 /tmp/cc92mjrv.ltrans0.ltrans.o
 .rodata.ep1config
                0x0800403c       0x24 /tmp/cc92mjrv.ltrans0.ltrans.o
 .rodata.vcom_configuration_descriptor
                0x08004060        0x8 /tmp/cc92mjrv.ltrans0.ltrans.o
 .rodata.vcom_device_descriptor
                0x08004068        0x8 /tmp/cc92mjrv.ltrans0.ltrans.o
 .rodata.vcom_strings
                0x08004070       0x20 /tmp/cc92mjrv.ltrans0.ltrans.o
 .rodata.ep0config
                0x08004090       0x24 /tmp/cc92mjrv.ltrans0.ltrans.o
 .rodata._stm32_dma_streams
                0x080040b4       0x64 /tmp/cc92mjrv.ltrans0.ltrans.o
 .rodata.active_status
                0x08004118        0x2 /tmp/cc92mjrv.ltrans0.ltrans.o
 *fill*         0x0800411a        0x2 
 .rodata.halted_status
                0x0800411c        0x2 /tmp/cc92mjrv.ltrans0.ltrans.o
 *fill*         0x0800411e        0x2 
 .rodata.zero_status
                0x08004120        0x2 /tmp/cc92mjrv.ltrans0.ltrans.o
 *fill*         0x08004122        0x2 
 .rodata.ram_areas
                0x08004124       0x80 /tmp/cc92mjrv.ltrans0.ltrans.o
                0x080041a4                        . = ALIGN (0x4)
                0x080041a4                        __rodata_end__ = .

.rel.dyn        0x080041a4        0x0
 .rel.iplt      0x080041a4        0x0 ./build/obj/crt0_v6m.o

.ARM.extab
 *(.ARM.extab* .gnu.linkonce.armextab.*)

.ARM.exidx      0x080041a4        0x0
                0x080041a4                        __exidx_base__ = .
                0x080041a4                        __exidx_start = .
 *(.ARM.exidx* .gnu.linkonce.armexidx.*)
                0x080041a4                        __exidx_end__ = .
                0x080041a4                        __exidx_end = .

.eh_frame_hdr
 *(.eh_frame_hdr)

.eh_frame
 *(.eh_frame)

.data           0x20000800        0xc load address 0x080041a4
                [!provide]                        PROVIDE (_textdata = LOADADDR (.data))
                [!provide]                        PROVIDE (_data = .)
                0x080041a4                        __textdata_base__ = LOADADDR (.data)
                0x20000800                        __data_base__ = .
 *(.data)
 *(.data.*)
 .data.dma_ready
                0x20000800        0x1 /tmp/cc92mjrv.ltrans0.ltrans.o
 *fill*         0x20000801        0x3 
 .data.linecoding
                0x20000804        0x7 /tmp/cc92mjrv.ltrans0.ltrans.o
 *(.ramtext)
                0x2000080c                        . = ALIGN (0x4)
 *fill*         0x2000080b        0x1 
                [!provide]                        PROVIDE (_edata = .)
                0x2000080c                        __data_end__ = .

.igot.plt       0x2000080c        0x0 load address 0x080041b0
 .igot.plt      0x2000080c        0x0 ./build/obj/crt0_v6m.o

.bss            0x20000810      0x928 load address 0x080041b0
                0x20000810                        __bss_base__ = .
 *(.bss)
 *(.bss.*)
 .bss.ch_c0_idle_thread_wa
                0x20000810       0xe0 /tmp/cc92mjrv.ltrans0.ltrans.o
 .bss.ep2instate
                0x200008f0       0x10 /tmp/cc92mjrv.ltrans0.ltrans.o
 .bss.ep1outstate
                0x20000900       0x10 /tmp/cc92mjrv.ltrans0.ltrans.o
 .bss.ep1instate
                0x20000910       0x10 /tmp/cc92mjrv.ltrans0.ltrans.o
 .bss.ep0setup_buffer
                0x20000920        0x8 /tmp/cc92mjrv.ltrans0.ltrans.o
 .bss.ep0_state
                0x20000928       0x10 /tmp/cc92mjrv.ltrans0.ltrans.o
 .bss.pwm_buf   0x20000938       0x19 /tmp/cc92mjrv.ltrans0.ltrans.o
 *fill*         0x20000951        0x3 
 .bss.sd_out_buf2
                0x20000954       0x10 /tmp/cc92mjrv.ltrans0.ltrans.o
 .bss.sd_in_buf2
                0x20000964       0x10 /tmp/cc92mjrv.ltrans0.ltrans.o
 .bss.default_heap
                0x20000974       0x1c /tmp/cc92mjrv.ltrans0.ltrans.o
 .bss.ch_factory
                0x20000990       0x48 /tmp/cc92mjrv.ltrans0.ltrans.o
 .bss.dma_stream
                0x200009d8        0x4 /tmp/cc92mjrv.ltrans0.ltrans.o
 .bss.SDU1      0x200009dc      0x490 /tmp/cc92mjrv.ltrans0.ltrans.o
 .bss.ch_memcore
                0x20000e6c        0x8 /tmp/cc92mjrv.ltrans0.ltrans.o
 .bss.USBD1     0x20000e74       0x8c /tmp/cc92mjrv.ltrans0.ltrans.o
 .bss.PWMD16    0x20000f00       0x20 /tmp/cc92mjrv.ltrans0.ltrans.o
 .bss.SD2       0x20000f20       0x60 /tmp/cc92mjrv.ltrans0.ltrans.o
 .bss._pal_events
                0x20000f80      0x100 /tmp/cc92mjrv.ltrans0.ltrans.o
 .bss.dma       0x20001080       0x30 /tmp/cc92mjrv.ltrans0.ltrans.o
 .bss.ch0       0x200010b0       0x88 /tmp/cc92mjrv.ltrans0.ltrans.o
 *(COMMON)
                0x20001138                        . = ALIGN (0x4)
                0x20001138                        __bss_end__ = .
                [!provide]                        PROVIDE (end = .)
                0x20000000                        __ram0_base__ = ORIGIN (ram0)
                0x00006000                        __ram0_size__ = LENGTH (ram0)
                0x20006000                        __ram0_end__ = (__ram0_base__ + __ram0_size__)
                0x00000000                        __ram1_base__ = ORIGIN (ram1)
                0x00000000                        __ram1_size__ = LENGTH (ram1)
                0x00000000                        __ram1_end__ = (__ram1_base__ + __ram1_size__)
                0x00000000                        __ram2_base__ = ORIGIN (ram2)
                0x00000000                        __ram2_size__ = LENGTH (ram2)
                0x00000000                        __ram2_end__ = (__ram2_base__ + __ram2_size__)
                0x00000000                        __ram3_base__ = ORIGIN (ram3)
                0x00000000                        __ram3_size__ = LENGTH (ram3)
                0x00000000                        __ram3_end__ = (__ram3_base__ + __ram3_size__)
                0x00000000                        __ram4_base__ = ORIGIN (ram4)
                0x00000000                        __ram4_size__ = LENGTH (ram4)
                0x00000000                        __ram4_end__ = (__ram4_base__ + __ram4_size__)
                0x00000000                        __ram5_base__ = ORIGIN (ram5)
                0x00000000                        __ram5_size__ = LENGTH (ram5)
                0x00000000                        __ram5_end__ = (__ram5_base__ + __ram5_size__)
                0x00000000                        __ram6_base__ = ORIGIN (ram6)
                0x00000000                        __ram6_size__ = LENGTH (ram6)
                0x00000000                        __ram6_end__ = (__ram6_base__ + __ram6_size__)
                0x00000000                        __ram7_base__ = ORIGIN (ram7)
                0x00000000                        __ram7_size__ = LENGTH (ram7)
                0x00000000                        __ram7_end__ = (__ram7_base__ + __ram7_size__)
                0x08000000                        __flash0_base__ = ORIGIN (flash0)
                0x00020000                        __flash0_size__ = LENGTH (flash0)
                0x08020000                        __flash0_end__ = (__flash0_base__ + __flash0_size__)
                0x00000000                        __flash1_base__ = ORIGIN (flash1)
                0x00000000                        __flash1_size__ = LENGTH (flash1)
                0x00000000                        __flash1_end__ = (__flash1_base__ + __flash1_size__)
                0x00000000                        __flash2_base__ = ORIGIN (flash2)
                0x00000000                        __flash2_size__ = LENGTH (flash2)
                0x00000000                        __flash2_end__ = (__flash2_base__ + __flash2_size__)
                0x00000000                        __flash3_base__ = ORIGIN (flash3)
                0x00000000                        __flash3_size__ = LENGTH (flash3)
                0x00000000                        __flash3_end__ = (__flash3_base__ + __flash3_size__)
                0x00000000                        __flash4_base__ = ORIGIN (flash4)
                0x00000000                        __flash4_size__ = LENGTH (flash4)
                0x00000000                        __flash4_end__ = (__flash4_base__ + __flash4_size__)
                0x00000000                        __flash5_base__ = ORIGIN (flash5)
                0x00000000                        __flash5_size__ = LENGTH (flash5)
                0x00000000                        __flash5_end__ = (__flash5_base__ + __flash5_size__)
                0x00000000                        __flash6_base__ = ORIGIN (flash6)
                0x00000000                        __flash6_size__ = LENGTH (flash6)
                0x00000000                        __flash6_end__ = (__flash6_base__ + __flash6_size__)
                0x00000000                        __flash7_base__ = ORIGIN (flash7)
                0x00000000                        __flash7_size__ = LENGTH (flash7)
                0x00000000                        __flash7_end__ = (__flash7_base__ + __flash7_size__)

.ram0_init      0x20001138        0x0 load address 0x080041b0
                0x080041b0                        __ram0_init_text__ = LOADADDR (.ram0_init)
                0x20001138                        __ram0_init__ = .
 *(.ram0_init)
 *(.ram0_init.*)
                0x20001138                        . = ALIGN (0x4)

.ram0           0x20001138        0x0 load address 0x080041b0
                0x20001138                        __ram0_clear__ = .
 *(.ram0_clear)
 *(.ram0_clear.*)
                0x20001138                        . = ALIGN (0x4)
                0x20001138                        __ram0_noinit__ = .
 *(.ram0)
 *(.ram0.*)
                0x20001138                        . = ALIGN (0x4)
                0x20001138                        __ram0_free__ = .

.ram1_init      0x00000000        0x0 load address 0x080041b0
                0x080041b0                        __ram1_init_text__ = LOADADDR (.ram1_init)
                0x00000000                        __ram1_init__ = .
 *(.ram1_init)
 *(.ram1_init.*)
                0x00000000                        . = ALIGN (0x4)

.ram1           0x00000000        0x0 load address 0x080041b0
                0x00000000                        __ram1_clear__ = .
 *(.ram1_clear)
 *(.ram1_clear.*)
                0x00000000                        . = ALIGN (0x4)
                0x00000000                        __ram1_noinit__ = .
 *(.ram1)
 *(.ram1.*)
                0x00000000                        . = ALIGN (0x4)
                0x00000000                        __ram1_free__ = .

.ram2_init      0x00000000        0x0 load address 0x080041b0
                0x080041b0                        __ram2_init_text__ = LOADADDR (.ram2_init)
                0x00000000                        __ram2_init__ = .
 *(.ram2_init)
 *(.ram2_init.*)
                0x00000000                        . = ALIGN (0x4)

.ram2           0x00000000        0x0 load address 0x080041b0
                0x00000000                        __ram2_clear__ = .
 *(.ram2_clear)
 *(.ram2_clear.*)
                0x00000000                        . = ALIGN (0x4)
                0x00000000                        __ram2_noinit__ = .
 *(.ram2)
 *(.ram2.*)
                0x00000000                        . = ALIGN (0x4)
                0x00000000                        __ram2_free__ = .

.ram3_init      0x00000000        0x0 load address 0x080041b0
                0x080041b0                        __ram3_init_text__ = LOADADDR (.ram3_init)
                0x00000000                        __ram3_init__ = .
 *(.ram3_init)
 *(.ram3_init.*)
                0x00000000                        . = ALIGN (0x4)

.ram3           0x00000000        0x0 load address 0x080041b0
                0x00000000                        __ram3_clear__ = .
 *(.ram3_clear)
 *(.ram3_clear.*)
                0x00000000                        . = ALIGN (0x4)
                0x00000000                        __ram3_noinit__ = .
 *(.ram3)
 *(.ram3.*)
                0x00000000                        . = ALIGN (0x4)
                0x00000000                        __ram3_free__ = .

.ram4_init      0x00000000        0x0 load address 0x080041b0
                0x080041b0                        __ram4_init_text__ = LOADADDR (.ram4_init)
                0x00000000                        __ram4_init__ = .
 *(.ram4_init)
 *(.ram4_init.*)
                0x00000000                        . = ALIGN (0x4)

.ram4           0x00000000        0x0 load address 0x080041b0
                0x00000000                        __ram4_clear__ = .
 *(.ram4_clear)
 *(.ram4_clear.*)
                0x00000000                        . = ALIGN (0x4)
                0x00000000                        __ram4_noinit__ = .
 *(.ram4)
 *(.ram4.*)
                0x00000000                        . = ALIGN (0x4)
                0x00000000                        __ram4_free__ = .

.ram5_init      0x00000000        0x0 load address 0x080041b0
                0x080041b0                        __ram5_init_text__ = LOADADDR (.ram5_init)
                0x00000000                        __ram5_init__ = .
 *(.ram5_init)
 *(.ram5_init.*)
                0x00000000                        . = ALIGN (0x4)

.ram5           0x00000000        0x0 load address 0x080041b0
                0x00000000                        __ram5_clear__ = .
 *(.ram5_clear)
 *(.ram5_clear.*)
                0x00000000                        . = ALIGN (0x4)
                0x00000000                        __ram5_noinit__ = .
 *(.ram5)
 *(.ram5.*)
                0x00000000                        . = ALIGN (0x4)
                0x00000000                        __ram5_free__ = .

.ram6_init      0x00000000        0x0 load address 0x080041b0
                0x080041b0                        __ram6_init_text__ = LOADADDR (.ram6_init)
                0x00000000                        __ram6_init__ = .
 *(.ram6_init)
 *(.ram6_init.*)
                0x00000000                        . = ALIGN (0x4)

.ram6           0x00000000        0x0 load address 0x080041b0
                0x00000000                        __ram6_clear__ = .
 *(.ram6_clear)
 *(.ram6_clear.*)
                0x00000000                        . = ALIGN (0x4)
                0x00000000                        __ram6_noinit__ = .
 *(.ram6)
 *(.ram6.*)
                0x00000000                        . = ALIGN (0x4)
                0x00000000                        __ram6_free__ = .

.ram7_init      0x00000000        0x0 load address 0x080041b0
                0x080041b0                        __ram7_init_text__ = LOADADDR (.ram7_init)
                0x00000000                        __ram7_init__ = .
 *(.ram7_init)
 *(.ram7_init.*)
                0x00000000                        . = ALIGN (0x4)

.ram7           0x00000000        0x0 load address 0x080041b0
                0x00000000                        __ram7_clear__ = .
 *(.ram7_clear)
 *(.ram7_clear.*)
                0x00000000                        . = ALIGN (0x4)
                0x00000000                        __ram7_noinit__ = .
 *(.ram7)
 *(.ram7.*)
                0x00000000                        . = ALIGN (0x4)
                0x00000000                        __ram7_free__ = .

.flash0         0x080041b0        0x0
                0x080041b0                        __flash0_init__ = .
 *(.flash0_init)
 *(.flash0_init.*)
                0x080041b0                        __flash0_free__ = .

.flash1         0x00000000        0x0
                0x00000000                        __flash1_init__ = .
 *(.flash1_init)
 *(.flash1_init.*)
                0x00000000                        __flash1_free__ = .

.flash2         0x00000000        0x0
                0x00000000                        __flash2_init__ = .
 *(.flash2_init)
 *(.flash2_init.*)
                0x00000000                        __flash2_free__ = .

.flash3         0x00000000        0x0
                0x00000000                        __flash3_init__ = .
 *(.flash3_init)
 *(.flash3_init.*)
                0x00000000                        __flash3_free__ = .

.flash4         0x00000000        0x0
                0x00000000                        __flash4_init__ = .
 *(.flash4_init)
 *(.flash4_init.*)
                0x00000000                        __flash4_free__ = .

.flash5         0x00000000        0x0
                0x00000000                        __flash5_init__ = .
 *(.flash5_init)
 *(.flash5_init.*)
                0x00000000                        __flash5_free__ = .

.flash6         0x00000000        0x0
                0x00000000                        __flash6_init__ = .
 *(.flash6_init)
 *(.flash6_init.*)
                0x00000000                        __flash6_free__ = .

.flash7         0x00000000        0x0
                0x00000000                        __flash7_init__ = .
 *(.flash7_init)
 *(.flash7_init.*)
                0x00000000                        __flash7_free__ = .

.heap           0x20001138     0x4ec8
                0x20001138                        . = ALIGN (0x8)
                0x20001138                        __heap_base__ = .
                0x20006000                        . = (ORIGIN (HEAP_RAM) + LENGTH (HEAP_RAM))
 *fill*         0x20001138     0x4ec8 
                0x20006000                        __heap_end__ = .
                0x00000400                        __process_stack_size__ = 0x400
                0x00000400                        __main_stack_size__ = 0x400
START GROUP
LOAD /usr/lib/gcc/arm-none-eabi/13.2.1/thumb/v6-m/nofp/libgcc.a
LOAD /usr/lib/gcc/arm-none-eabi/13.2.1/../../../arm-none-eabi/lib/thumb/v6-m/nofp/libg.a
LOAD /usr/lib/gcc/arm-none-eabi/13.2.1/../../../arm-none-eabi/lib/thumb/v6-m/nofp/libc.a
END GROUP
OUTPUT(build/fw_al1_mb1.elf elf32-littlearm)
LOAD linker stubs

.ARM.attributes
                0x00000000       0x2d
 .ARM.attributes
                0x00000000       0x21 ./build/obj/crt0_v6m.o
 .ARM.attributes
                0x00000021       0x21 ./build/obj/vectors.o
 .ARM.attributes
                0x00000042       0x21 ./build/obj/chcoreasm.o
 .ARM.attributes
                0x00000063       0x2a /tmp/cc92mjrv.ltrans0.ltrans.o
 .ARM.attributes
                0x0000008d       0x2c /usr/lib/gcc/arm-none-eabi/13.2.1/../../../arm-none-eabi/lib/thumb/v6-m/nofp/libg.a(libc_a-memset.o)
 .ARM.attributes
                0x000000b9       0x2c /usr/lib/gcc/arm-none-eabi/13.2.1/../../../arm-none-eabi/lib/thumb/v6-m/nofp/libg.a(libc_a-memcpy-stub.o)
 .ARM.attributes
                0x000000e5       0x1e /usr/lib/gcc/arm-none-eabi/13.2.1/thumb/v6-m/nofp/libgcc.a(_udivsi3.o)
 .ARM.attributes
                0x00000103       0x1e /usr/lib/gcc/arm-none-eabi/13.2.1/thumb/v6-m/nofp/libgcc.a(_dvmd_tls.o)

.comment        0x00000000       0x26
 .comment       0x00000000       0x26 /tmp/cc92mjrv.ltrans0.ltrans.o
                                 0x27 (size before relaxing)
 .comment       0x00000026       0x27 /usr/lib/gcc/arm-none-eabi/13.2.1/../../../arm-none-eabi/lib/thumb/v6-m/nofp/libg.a(libc_a-memset.o)
 .comment       0x00000026       0x27 /usr/lib/gcc/arm-none-eabi/13.2.1/../../../arm-none-eabi/lib/thumb/v6-m/nofp/libg.a(libc_a-memcpy-stub.o)

.debug_line     0x00000000     0xbe17
 .debug_line    0x00000000       0xad ./build/obj/crt0_v6m.o
 .debug_line    0x000000ad       0x4f ./build/obj/vectors.o
 .debug_line    0x000000fc       0x6a ./build/obj/chcoreasm.o
 .debug_line    0x00000166     0xa25b /tmp/cc92mjrv.ltrans0.ltrans.o
 .debug_line    0x0000a3c1       0x43 /tmp/cc4xEMo7.debug.temp.o
 .debug_line    0x0000a404       0x7b /tmp/cc6a8Wn0.debug.temp.o
 .debug_line    0x0000a47f       0x5e /tmp/ccN1pDc6.debug.temp.o
 .debug_line    0x0000a4dd       0x97 /tmp/ccsJm5AT.debug.temp.o
 .debug_line    0x0000a574       0x97 /tmp/ccYsPPnR.debug.temp.o
 .debug_line    0x0000a60b       0x83 /tmp/cc37DOgf.debug.temp.o
 .debug_line    0x0000a68e       0xc7 /tmp/cc29EoJn.debug.temp.o
 .debug_line    0x0000a755       0xcd /tmp/ccBWz6HV.debug.temp.o
 .debug_line    0x0000a822       0x9b /tmp/cc4hRecH.debug.temp.o
 .debug_line    0x0000a8bd       0x4c /tmp/cc2DNMOn.debug.temp.o
 .debug_line    0x0000a909      0x142 /tmp/ccVVoJ8b.debug.temp.o
 .debug_line    0x0000aa4b       0x8f /tmp/ccU3xWNV.debug.temp.o
 .debug_line    0x0000aada       0x83 /tmp/ccbdNxyw.debug.temp.o
 .debug_line    0x0000ab5d       0x85 /tmp/cc7xLo1I.debug.temp.o
 .debug_line    0x0000abe2       0x79 /tmp/ccDWNiOV.debug.temp.o
 .debug_line    0x0000ac5b       0x64 /tmp/ccDTnGiF.debug.temp.o
 .debug_line    0x0000acbf       0xbe /tmp/ccgaDdP0.debug.temp.o
 .debug_line    0x0000ad7d       0x7a /tmp/cctLbxdh.debug.temp.o
 .debug_line    0x0000adf7       0x63 /tmp/ccgjfDgE.debug.temp.o
 .debug_line    0x0000ae5a       0xbb /tmp/ccY4wRJD.debug.temp.o
 .debug_line    0x0000af15       0x86 /tmp/ccUG8iUN.debug.temp.o
 .debug_line    0x0000af9b       0x9d /tmp/ccgtpwt7.debug.temp.o
 .debug_line    0x0000b038       0x94 /tmp/ccQSFLza.debug.temp.o
 .debug_line    0x0000b0cc       0x9e /tmp/ccRs74bs.debug.temp.o
 .debug_line    0x0000b16a       0xbf /tmp/ccdXGSn8.debug.temp.o
 .debug_line    0x0000b229       0xa7 /tmp/ccuVjFIk.debug.temp.o
 .debug_line    0x0000b2d0       0x99 /tmp/ccPxziRY.debug.temp.o
 .debug_line    0x0000b369       0x9e /tmp/cc21kdH5.debug.temp.o
 .debug_line    0x0000b407       0x6c /tmp/cc3nb7CG.debug.temp.o
 .debug_line    0x0000b473       0x94 /tmp/ccJ2j1jy.debug.temp.o
 .debug_line    0x0000b507       0x8a /tmp/cc2PNvLj.debug.temp.o
 .debug_line    0x0000b591       0xb6 /tmp/ccJi1Dqe.debug.temp.o
 .debug_line    0x0000b647       0x99 /tmp/ccYk1ZTi.debug.temp.o
 .debug_line    0x0000b6e0       0x69 /tmp/cc0RRNeg.debug.temp.o
 .debug_line    0x0000b749       0xbe /tmp/ccupCvBl.debug.temp.o
 .debug_line    0x0000b807       0x51 /tmp/ccJFDymp.debug.temp.o
 .debug_line    0x0000b858       0x92 /tmp/ccx5mnfh.debug.temp.o
 .debug_line    0x0000b8ea       0xe9 /tmp/ccNcbsLK.debug.temp.o
 .debug_line    0x0000b9d3      0x1bd /usr/lib/gcc/arm-none-eabi/13.2.1/../../../arm-none-eabi/lib/thumb/v6-m/nofp/libg.a(libc_a-memset.o)
 .debug_line    0x0000bb90      0x1e7 /usr/lib/gcc/arm-none-eabi/13.2.1/../../../arm-none-eabi/lib/thumb/v6-m/nofp/libg.a(libc_a-memcpy-stub.o)
 .debug_line    0x0000bd77       0x56 /usr/lib/gcc/arm-none-eabi/13.2.1/thumb/v6-m/nofp/libgcc.a(_udivsi3.o)
 .debug_line    0x0000bdcd       0x4a /usr/lib/gcc/arm-none-eabi/13.2.1/thumb/v6-m/nofp/libgcc.a(_dvmd_tls.o)

.debug_line_str
                0x00000000      0xe57
 .debug_line_str
                0x00000000      0xe57 ./build/obj/crt0_v6m.o
                                 0x52 (size before relaxing)
 .debug_line_str
                0x00000e57       0x51 ./build/obj/vectors.o
 .debug_line_str
                0x00000e57       0x52 ./build/obj/chcoreasm.o
 .debug_line_str
                0x00000e57       0xb7 /tmp/cc4xEMo7.debug.temp.o
 .debug_line_str
                0x00000e57      0x152 /tmp/cc6a8Wn0.debug.temp.o
 .debug_line_str
                0x00000e57      0x109 /tmp/ccN1pDc6.debug.temp.o
 .debug_line_str
                0x00000e57      0x1af /tmp/ccsJm5AT.debug.temp.o
 .debug_line_str
                0x00000e57      0x1ac /tmp/ccYsPPnR.debug.temp.o
 .debug_line_str
                0x00000e57      0x191 /tmp/cc37DOgf.debug.temp.o
 .debug_line_str
                0x00000e57      0x25d /tmp/cc29EoJn.debug.temp.o
 .debug_line_str
                0x00000e57      0x258 /tmp/ccBWz6HV.debug.temp.o
 .debug_line_str
                0x00000e57      0x1c9 /tmp/cc4hRecH.debug.temp.o
 .debug_line_str
                0x00000e57       0xdb /tmp/cc2DNMOn.debug.temp.o
 .debug_line_str
                0x00000e57      0x4a0 /tmp/ccVVoJ8b.debug.temp.o
 .debug_line_str
                0x00000e57      0x1e5 /tmp/ccU3xWNV.debug.temp.o
 .debug_line_str
                0x00000e57      0x1bf /tmp/ccbdNxyw.debug.temp.o
 .debug_line_str
                0x00000e57      0x18d /tmp/cc7xLo1I.debug.temp.o
 .debug_line_str
                0x00000e57      0x1bb /tmp/ccDWNiOV.debug.temp.o
 .debug_line_str
                0x00000e57      0x126 /tmp/ccDTnGiF.debug.temp.o
 .debug_line_str
                0x00000e57      0x25d /tmp/ccgaDdP0.debug.temp.o
 .debug_line_str
                0x00000e57      0x18d /tmp/cctLbxdh.debug.temp.o
 .debug_line_str
                0x00000e57      0x149 /tmp/ccgjfDgE.debug.temp.o
 .debug_line_str
                0x00000e57      0x1e5 /tmp/ccY4wRJD.debug.temp.o
 .debug_line_str
                0x00000e57      0x141 /tmp/ccUG8iUN.debug.temp.o
 .debug_line_str
                0x00000e57      0x1a7 /tmp/ccgtpwt7.debug.temp.o
 .debug_line_str
                0x00000e57      0x181 /tmp/ccQSFLza.debug.temp.o
 .debug_line_str
                0x00000e57      0x195 /tmp/ccRs74bs.debug.temp.o
 .debug_line_str
                0x00000e57      0x20e /tmp/ccdXGSn8.debug.temp.o
 .debug_line_str
                0x00000e57      0x1c1 /tmp/ccuVjFIk.debug.temp.o
 .debug_line_str
                0x00000e57      0x18d /tmp/ccPxziRY.debug.temp.o
 .debug_line_str
                0x00000e57      0x19e /tmp/cc21kdH5.debug.temp.o
 .debug_line_str
                0x00000e57      0x13b /tmp/cc3nb7CG.debug.temp.o
 .debug_line_str
                0x00000e57      0x182 /tmp/ccJ2j1jy.debug.temp.o
 .debug_line_str
                0x00000e57      0x178 /tmp/cc2PNvLj.debug.temp.o
 .debug_line_str
                0x00000e57      0x1d8 /tmp/ccJi1Dqe.debug.temp.o
 .debug_line_str
                0x00000e57      0x1b7 /tmp/ccYk1ZTi.debug.temp.o
 .debug_line_str
                0x00000e57      0x106 /tmp/cc0RRNeg.debug.temp.o
 .debug_line_str
                0x00000e57      0x217 /tmp/ccupCvBl.debug.temp.o
 .debug_line_str
                0x00000e57       0xb6 /tmp/ccJFDymp.debug.temp.o
 .debug_line_str
                0x00000e57      0x202 /tmp/ccx5mnfh.debug.temp.o
 .debug_line_str
                0x00000e57      0x283 /tmp/ccNcbsLK.debug.temp.o
 .debug_line_str
                0x00000e57       0x97 /usr/lib/gcc/arm-none-eabi/13.2.1/thumb/v6-m/nofp/libgcc.a(_udivsi3.o)
 .debug_line_str
                0x00000e57       0x97 /usr/lib/gcc/arm-none-eabi/13.2.1/thumb/v6-m/nofp/libgcc.a(_dvmd_tls.o)

.debug_info     0x00000000    0x246dc
 .debug_info    0x00000000       0x25 ./build/obj/crt0_v6m.o
 .debug_info    0x00000025       0x24 ./build/obj/vectors.o
 .debug_info    0x00000049       0x24 ./build/obj/chcoreasm.o
 .debug_info    0x0000006d     0xc490 /tmp/cc92mjrv.ltrans0.ltrans.o
 .debug_info    0x0000c4fd      0x28a /tmp/cc4xEMo7.debug.temp.o
                0x0000c4fd                crt1.c.a5b2f40a
 .debug_info    0x0000c787       0xc9 /tmp/cc6a8Wn0.debug.temp.o
                0x0000c787                hal.c.432cfdaf
 .debug_info    0x0000c850      0x2e2 /tmp/ccN1pDc6.debug.temp.o
                0x0000c850                hal_st.c.fa7f4ed0
 .debug_info    0x0000cb32      0x91d /tmp/ccsJm5AT.debug.temp.o
                0x0000cb32                hal_buffers.c.3fbef441
 .debug_info    0x0000d44f      0x802 /tmp/ccYsPPnR.debug.temp.o
                0x0000d44f                hal_queues.c.acd682a7
 .debug_info    0x0000dc51      0x731 /tmp/cc37DOgf.debug.temp.o
                0x0000dc51                hal_pwm.c.9c0454be
 .debug_info    0x0000e382     0x1185 /tmp/cc29EoJn.debug.temp.o
                0x0000e382                hal_serial.c.247a9363
 .debug_info    0x0000f507     0x18f9 /tmp/ccBWz6HV.debug.temp.o
                0x0000f507                hal_serial_usb.c.5474038b
 .debug_info    0x00010e00      0xcc7 /tmp/cc4hRecH.debug.temp.o
                0x00010e00                hal_usb.c.2a91aaa1
 .debug_info    0x00011ac7      0x2cf /tmp/cc2DNMOn.debug.temp.o
                0x00011ac7                nvic.c.b862f7e5
 .debug_info    0x00011d96     0x14ab /tmp/ccVVoJ8b.debug.temp.o
                0x00011d96                stm32_isr.c.6d4acfa6
 .debug_info    0x00013241      0x4b2 /tmp/ccU3xWNV.debug.temp.o
                0x00013241                hal_lld.c.455964d1
 .debug_info    0x000136f3      0x67f /tmp/ccbdNxyw.debug.temp.o
                0x000136f3                stm32_dma.c.54326528
 .debug_info    0x00013d72      0x667 /tmp/cc7xLo1I.debug.temp.o
                0x00013d72                hal_pal_lld.c.ce37f606
 .debug_info    0x000143d9      0x450 /tmp/ccDWNiOV.debug.temp.o
                0x000143d9                hal_st_lld.c.52b31ac6
 .debug_info    0x00014829      0x704 /tmp/ccDTnGiF.debug.temp.o
                0x00014829                hal_pwm_lld.c.51ef691a
 .debug_info    0x00014f2d     0x103e /tmp/ccgaDdP0.debug.temp.o
                0x00014f2d                hal_serial_lld.c.f2db82cf
 .debug_info    0x00015f6b      0xd93 /tmp/cctLbxdh.debug.temp.o
                0x00015f6b                hal_usb_lld.c.a96c0445
 .debug_info    0x00016cfe      0x3f2 /tmp/ccgjfDgE.debug.temp.o
                0x00016cfe                board.c.c37bec32
 .debug_info    0x000170f0      0xa2d /tmp/ccY4wRJD.debug.temp.o
                0x000170f0                chsys.c.c79e1a29
 .debug_info    0x00017b1d      0x72f /tmp/ccUG8iUN.debug.temp.o
                0x00017b1d                chrfcu.c.e66b0878
 .debug_info    0x0001824c      0xd89 /tmp/ccgtpwt7.debug.temp.o
                0x0001824c                chvt.c.45f67e09
 .debug_info    0x00018fd5      0xc2d /tmp/ccQSFLza.debug.temp.o
                0x00018fd5                chschd.c.2fd5dc78
 .debug_info    0x00019c02      0xb99 /tmp/ccRs74bs.debug.temp.o
                0x00019c02                chinstances.c.4f27b148
 .debug_info    0x0001a79b     0x10b4 /tmp/ccdXGSn8.debug.temp.o
                0x0001a79b                chthreads.c.be55ba04
 .debug_info    0x0001b84f      0xb16 /tmp/ccuVjFIk.debug.temp.o
                0x0001b84f                chregistry.c.0a32d3b4
 .debug_info    0x0001c365      0xa3a /tmp/ccPxziRY.debug.temp.o
                0x0001c365                chmtx.c.56dd4c0f
 .debug_info    0x0001cd9f      0xcdb /tmp/cc21kdH5.debug.temp.o
                0x0001cd9f                chevents.c.7774ee35
 .debug_info    0x0001da7a      0x29c /tmp/cc3nb7CG.debug.temp.o
                0x0001da7a                chmemcore.c.dc7e97bb
 .debug_info    0x0001dd16      0xa03 /tmp/ccJ2j1jy.debug.temp.o
                0x0001dd16                chmemheaps.c.a0448c0f
 .debug_info    0x0001e719      0x57a /tmp/cc2PNvLj.debug.temp.o
                0x0001e719                chmempools.c.de20f223
 .debug_info    0x0001ec93     0x14fa /tmp/ccJi1Dqe.debug.temp.o
                0x0001ec93                chfactory.c.fb9a3af1
 .debug_info    0x0002018d      0xadb /tmp/ccYk1ZTi.debug.temp.o
                0x0002018d                chcore.c.b7cdb354
 .debug_info    0x00020c68      0x50b /tmp/cc0RRNeg.debug.temp.o
                0x00020c68                chprintf.c.34b454f8
 .debug_info    0x00021173     0x13bf /tmp/ccupCvBl.debug.temp.o
                0x00021173                usbcfg.c.e9daeea1
 .debug_info    0x00022532      0x1be /tmp/ccJFDymp.debug.temp.o
                0x00022532                portab.c.0856791d
 .debug_info    0x000226f0      0x996 /tmp/ccx5mnfh.debug.temp.o
                0x000226f0                ee_ws2812b_chibios_driver.c.6dc69ca6
 .debug_info    0x00023086     0x1355 /tmp/ccNcbsLK.debug.temp.o
                0x00023086                main.c.4ee99815
 .debug_info    0x000243db      0x135 /usr/lib/gcc/arm-none-eabi/13.2.1/../../../arm-none-eabi/lib/thumb/v6-m/nofp/libg.a(libc_a-memset.o)
 .debug_info    0x00024510      0x152 /usr/lib/gcc/arm-none-eabi/13.2.1/../../../arm-none-eabi/lib/thumb/v6-m/nofp/libg.a(libc_a-memcpy-stub.o)
 .debug_info    0x00024662       0x3e /usr/lib/gcc/arm-none-eabi/13.2.1/thumb/v6-m/nofp/libgcc.a(_udivsi3.o)
 .debug_info    0x000246a0       0x3c /usr/lib/gcc/arm-none-eabi/13.2.1/thumb/v6-m/nofp/libgcc.a(_dvmd_tls.o)

.debug_abbrev   0x00000000     0x5331
 .debug_abbrev  0x00000000       0x14 ./build/obj/crt0_v6m.o
 .debug_abbrev  0x00000014       0x14 ./build/obj/vectors.o
 .debug_abbrev  0x00000028       0x14 ./build/obj/chcoreasm.o
 .debug_abbrev  0x0000003c      0x331 /tmp/cc92mjrv.ltrans0.ltrans.o
 .debug_abbrev  0x0000036d       0xec /tmp/cc4xEMo7.debug.temp.o
 .debug_abbrev  0x00000459       0x6e /tmp/cc6a8Wn0.debug.temp.o
 .debug_abbrev  0x000004c7      0x15c /tmp/ccN1pDc6.debug.temp.o
 .debug_abbrev  0x00000623      0x21c /tmp/ccsJm5AT.debug.temp.o
 .debug_abbrev  0x0000083f      0x21f /tmp/ccYsPPnR.debug.temp.o
 .debug_abbrev  0x00000a5e      0x1c3 /tmp/cc37DOgf.debug.temp.o
 .debug_abbrev  0x00000c21      0x2e1 /tmp/cc29EoJn.debug.temp.o
 .debug_abbrev  0x00000f02      0x356 /tmp/ccBWz6HV.debug.temp.o
 .debug_abbrev  0x00001258      0x2a2 /tmp/cc4hRecH.debug.temp.o
 .debug_abbrev  0x000014fa      0x134 /tmp/cc2DNMOn.debug.temp.o
 .debug_abbrev  0x0000162e      0x25d /tmp/ccVVoJ8b.debug.temp.o
 .debug_abbrev  0x0000188b      0x130 /tmp/ccU3xWNV.debug.temp.o
 .debug_abbrev  0x000019bb      0x1e6 /tmp/ccbdNxyw.debug.temp.o
 .debug_abbrev  0x00001ba1      0x1a1 /tmp/cc7xLo1I.debug.temp.o
 .debug_abbrev  0x00001d42      0x145 /tmp/ccDWNiOV.debug.temp.o
 .debug_abbrev  0x00001e87      0x175 /tmp/ccDTnGiF.debug.temp.o
 .debug_abbrev  0x00001ffc      0x26d /tmp/ccgaDdP0.debug.temp.o
 .debug_abbrev  0x00002269      0x29b /tmp/cctLbxdh.debug.temp.o
 .debug_abbrev  0x00002504      0x166 /tmp/ccgjfDgE.debug.temp.o
 .debug_abbrev  0x0000266a      0x2f3 /tmp/ccY4wRJD.debug.temp.o
 .debug_abbrev  0x0000295d      0x157 /tmp/ccUG8iUN.debug.temp.o
 .debug_abbrev  0x00002ab4      0x2b1 /tmp/ccgtpwt7.debug.temp.o
 .debug_abbrev  0x00002d65      0x252 /tmp/ccQSFLza.debug.temp.o
 .debug_abbrev  0x00002fb7      0x267 /tmp/ccRs74bs.debug.temp.o
 .debug_abbrev  0x0000321e      0x328 /tmp/ccdXGSn8.debug.temp.o
 .debug_abbrev  0x00003546      0x285 /tmp/ccuVjFIk.debug.temp.o
 .debug_abbrev  0x000037cb      0x2b2 /tmp/ccPxziRY.debug.temp.o
 .debug_abbrev  0x00003a7d      0x2a9 /tmp/cc21kdH5.debug.temp.o
 .debug_abbrev  0x00003d26      0x151 /tmp/cc3nb7CG.debug.temp.o
 .debug_abbrev  0x00003e77      0x269 /tmp/ccJ2j1jy.debug.temp.o
 .debug_abbrev  0x000040e0      0x209 /tmp/cc2PNvLj.debug.temp.o
 .debug_abbrev  0x000042e9      0x28c /tmp/ccJi1Dqe.debug.temp.o
 .debug_abbrev  0x00004575      0x22c /tmp/ccYk1ZTi.debug.temp.o
 .debug_abbrev  0x000047a1      0x1c9 /tmp/cc0RRNeg.debug.temp.o
 .debug_abbrev  0x0000496a      0x2a7 /tmp/ccupCvBl.debug.temp.o
 .debug_abbrev  0x00004c11       0xc6 /tmp/ccJFDymp.debug.temp.o
 .debug_abbrev  0x00004cd7      0x204 /tmp/ccx5mnfh.debug.temp.o
 .debug_abbrev  0x00004edb      0x287 /tmp/ccNcbsLK.debug.temp.o
 .debug_abbrev  0x00005162       0xb7 /usr/lib/gcc/arm-none-eabi/13.2.1/../../../arm-none-eabi/lib/thumb/v6-m/nofp/libg.a(libc_a-memset.o)
 .debug_abbrev  0x00005219       0xca /usr/lib/gcc/arm-none-eabi/13.2.1/../../../arm-none-eabi/lib/thumb/v6-m/nofp/libg.a(libc_a-memcpy-stub.o)
 .debug_abbrev  0x000052e3       0x28 /usr/lib/gcc/arm-none-eabi/13.2.1/thumb/v6-m/nofp/libgcc.a(_udivsi3.o)
 .debug_abbrev  0x0000530b       0x26 /usr/lib/gcc/arm-none-eabi/13.2.1/thumb/v6-m/nofp/libgcc.a(_dvmd_tls.o)

.debug_aranges  0x00000000      0x358
 .debug_aranges
                0x00000000       0x20 ./build/obj/crt0_v6m.o
 .debug_aranges
                0x00000020       0x20 ./build/obj/vectors.o
 .debug_aranges
                0x00000040       0x20 ./build/obj/chcoreasm.o
 .debug_aranges
                0x00000060      0x278 /tmp/cc92mjrv.ltrans0.ltrans.o
 .debug_aranges
                0x000002d8       0x20 /usr/lib/gcc/arm-none-eabi/13.2.1/../../../arm-none-eabi/lib/thumb/v6-m/nofp/libg.a(libc_a-memset.o)
 .debug_aranges
                0x000002f8       0x20 /usr/lib/gcc/arm-none-eabi/13.2.1/../../../arm-none-eabi/lib/thumb/v6-m/nofp/libg.a(libc_a-memcpy-stub.o)
 .debug_aranges
                0x00000318       0x20 /usr/lib/gcc/arm-none-eabi/13.2.1/thumb/v6-m/nofp/libgcc.a(_udivsi3.o)
 .debug_aranges
                0x00000338       0x20 /usr/lib/gcc/arm-none-eabi/13.2.1/thumb/v6-m/nofp/libgcc.a(_dvmd_tls.o)

.debug_str      0x00000000     0x47ec
 .debug_str     0x00000000     0x47ec ./build/obj/crt0_v6m.o
                                 0x5e (size before relaxing)
 .debug_str     0x000047ec       0x5d ./build/obj/vectors.o
 .debug_str     0x000047ec       0x5e ./build/obj/chcoreasm.o
 .debug_str     0x000047ec      0x1c7 /tmp/cc92mjrv.ltrans0.ltrans.o
 .debug_str     0x000047ec      0x425 /tmp/cc4xEMo7.debug.temp.o
 .debug_str     0x000047ec      0x1e3 /tmp/cc6a8Wn0.debug.temp.o
 .debug_str     0x000047ec      0x2c3 /tmp/ccN1pDc6.debug.temp.o
 .debug_str     0x000047ec      0x586 /tmp/ccsJm5AT.debug.temp.o
 .debug_str     0x000047ec      0x474 /tmp/ccYsPPnR.debug.temp.o
 .debug_str     0x000047ec      0x4fe /tmp/cc37DOgf.debug.temp.o
 .debug_str     0x000047ec      0x93b /tmp/cc29EoJn.debug.temp.o
 .debug_str     0x000047ec      0xeb5 /tmp/ccBWz6HV.debug.temp.o
 .debug_str     0x000047ec      0x96d /tmp/cc4hRecH.debug.temp.o
 .debug_str     0x000047ec      0x2a6 /tmp/cc2DNMOn.debug.temp.o
 .debug_str     0x000047ec      0xc81 /tmp/ccVVoJ8b.debug.temp.o
 .debug_str     0x000047ec      0x437 /tmp/ccU3xWNV.debug.temp.o
 .debug_str     0x000047ec      0x482 /tmp/ccbdNxyw.debug.temp.o
 .debug_str     0x000047ec      0x471 /tmp/cc7xLo1I.debug.temp.o
 .debug_str     0x000047ec      0x3ba /tmp/ccDWNiOV.debug.temp.o
 .debug_str     0x000047ec      0x4bf /tmp/ccDTnGiF.debug.temp.o
 .debug_str     0x000047ec      0x99c /tmp/ccgaDdP0.debug.temp.o
 .debug_str     0x000047ec      0x934 /tmp/cctLbxdh.debug.temp.o
 .debug_str     0x000047ec      0x374 /tmp/ccgjfDgE.debug.temp.o
 .debug_str     0x000047ec      0x7e9 /tmp/ccY4wRJD.debug.temp.o
 .debug_str     0x000047ec      0x55e /tmp/ccUG8iUN.debug.temp.o
 .debug_str     0x000047ec      0x843 /tmp/ccgtpwt7.debug.temp.o
 .debug_str     0x000047ec      0x7af /tmp/ccQSFLza.debug.temp.o
 .debug_str     0x000047ec      0x8b7 /tmp/ccRs74bs.debug.temp.o
 .debug_str     0x000047ec      0x98b /tmp/ccdXGSn8.debug.temp.o
 .debug_str     0x000047ec      0x842 /tmp/ccuVjFIk.debug.temp.o
 .debug_str     0x000047ec      0x6ac /tmp/ccPxziRY.debug.temp.o
 .debug_str     0x000047ec      0x7da /tmp/cc21kdH5.debug.temp.o
 .debug_str     0x000047ec      0x2b6 /tmp/cc3nb7CG.debug.temp.o
 .debug_str     0x000047ec      0x672 /tmp/ccJ2j1jy.debug.temp.o
 .debug_str     0x000047ec      0x409 /tmp/cc2PNvLj.debug.temp.o
 .debug_str     0x000047ec      0xc0c /tmp/ccJi1Dqe.debug.temp.o
 .debug_str     0x000047ec      0x89d /tmp/ccYk1ZTi.debug.temp.o
 .debug_str     0x000047ec      0x327 /tmp/cc0RRNeg.debug.temp.o
 .debug_str     0x000047ec      0xd45 /tmp/ccupCvBl.debug.temp.o
 .debug_str     0x000047ec      0x225 /tmp/ccJFDymp.debug.temp.o
 .debug_str     0x000047ec      0x57b /tmp/ccx5mnfh.debug.temp.o
 .debug_str     0x000047ec      0xbfb /tmp/ccNcbsLK.debug.temp.o
 .debug_str     0x000047ec      0x1a1 /usr/lib/gcc/arm-none-eabi/13.2.1/../../../arm-none-eabi/lib/thumb/v6-m/nofp/libg.a(libc_a-memset.o)
 .debug_str     0x000047ec      0x1be /usr/lib/gcc/arm-none-eabi/13.2.1/../../../arm-none-eabi/lib/thumb/v6-m/nofp/libg.a(libc_a-memcpy-stub.o)
 .debug_str     0x000047ec       0xbe /usr/lib/gcc/arm-none-eabi/13.2.1/thumb/v6-m/nofp/libgcc.a(_udivsi3.o)
 .debug_str     0x000047ec       0xbf /usr/lib/gcc/arm-none-eabi/13.2.1/thumb/v6-m/nofp/libgcc.a(_dvmd_tls.o)

.debug_loclists
                0x00000000     0x71a3
 .debug_loclists
                0x00000000     0x6d16 /tmp/cc92mjrv.ltrans0.ltrans.o
 .debug_loclists
                0x00006d16      0x1c6 /usr/lib/gcc/arm-none-eabi/13.2.1/../../../arm-none-eabi/lib/thumb/v6-m/nofp/libg.a(libc_a-memset.o)
 .debug_loclists
                0x00006edc      0x2c7 /usr/lib/gcc/arm-none-eabi/13.2.1/../../../arm-none-eabi/lib/thumb/v6-m/nofp/libg.a(libc_a-memcpy-stub.o)

.debug_rnglists
                0x00000000     0x17c6
 .debug_rnglists
                0x00000000     0x17c6 /tmp/cc92mjrv.ltrans0.ltrans.o

.debug_frame    0x00000000      0x8f4
 .debug_frame   0x00000000      0x874 /tmp/cc92mjrv.ltrans0.ltrans.o
 .debug_frame   0x00000874       0x30 /usr/lib/gcc/arm-none-eabi/13.2.1/../../../arm-none-eabi/lib/thumb/v6-m/nofp/libg.a(libc_a-memset.o)
 .debug_frame   0x000008a4       0x30 /usr/lib/gcc/arm-none-eabi/13.2.1/../../../arm-none-eabi/lib/thumb/v6-m/nofp/libg.a(libc_a-memcpy-stub.o)
 .debug_frame   0x000008d4       0x20 /usr/lib/gcc/arm-none-eabi/13.2.1/thumb/v6-m/nofp/libgcc.a(_udivsi3.o)

Cross Reference Table

Symbol                                            File
BusFault_Handler                                  ./build/obj/vectors.o
DebugMon_Handler                                  ./build/obj/vectors.o
HardFault_Handler                                 ./build/obj/vectors.o
MemManage_Handler                                 ./build/obj/vectors.o
NMI_Handler                                       /tmp/cc92mjrv.ltrans0.ltrans.o
                                                  ./build/obj/chcore.o (symbol from plugin)
                                                  ./build/obj/vectors.o
PWMD16                                            ./build/obj/hal_pwm_lld.o (symbol from plugin)
                                                  ./build/obj/ee_ws2812b_chibios_driver.o (symbol from plugin)
                                                  ./build/obj/stm32_isr.o (symbol from plugin)
PendSV_Handler                                    ./build/obj/vectors.o
Reset_Handler                                     ./build/obj/vectors.o
SD2                                               ./build/obj/hal_serial_lld.o (symbol from plugin)
                                                  ./build/obj/stm32_isr.o (symbol from plugin)
SDU1                                              ./build/obj/usbcfg.o (symbol from plugin)
                                                  ./build/obj/main.o (symbol from plugin)
SVC_Handler                                       ./build/obj/vectors.o
SecureFault_Handler                               ./build/obj/vectors.o
SysTick_Handler                                   ./build/obj/vectors.o
SystemCoreClock                                   ./build/obj/hal_lld.o (symbol from plugin)
USBD1                                             ./build/obj/hal_usb_lld.o (symbol from plugin)
                                                  ./build/obj/usbcfg.o (symbol from plugin)
UsageFault_Handler                                ./build/obj/vectors.o
Vector20                                          ./build/obj/vectors.o
Vector24                                          ./build/obj/vectors.o
Vector28                                          ./build/obj/vectors.o
Vector34                                          ./build/obj/vectors.o
Vector40                                          ./build/obj/vectors.o
Vector44                                          ./build/obj/vectors.o
Vector48                                          ./build/obj/vectors.o
Vector4C                                          ./build/obj/vectors.o
Vector50                                          ./build/obj/vectors.o
Vector54                                          /tmp/cc92mjrv.ltrans0.ltrans.o
                                                  ./build/obj/stm32_isr.o (symbol from plugin)
                                                  ./build/obj/vectors.o
Vector58                                          /tmp/cc92mjrv.ltrans0.ltrans.o
                                                  ./build/obj/stm32_isr.o (symbol from plugin)
                                                  ./build/obj/vectors.o
Vector5C                                          /tmp/cc92mjrv.ltrans0.ltrans.o
                                                  ./build/obj/stm32_isr.o (symbol from plugin)
                                                  ./build/obj/vectors.o
Vector60                                          /tmp/cc92mjrv.ltrans0.ltrans.o
                                                  ./build/obj/hal_usb_lld.o (symbol from plugin)
                                                  ./build/obj/vectors.o
Vector64                                          /tmp/cc92mjrv.ltrans0.ltrans.o
                                                  ./build/obj/stm32_dma.o (symbol from plugin)
                                                  ./build/obj/vectors.o
Vector68                                          /tmp/cc92mjrv.ltrans0.ltrans.o
                                                  ./build/obj/stm32_isr.o (symbol from plugin)
                                                  ./build/obj/vectors.o
Vector6C                                          ./build/obj/vectors.o
Vector70                                          ./build/obj/vectors.o
Vector74                                          ./build/obj/vectors.o
Vector78                                          ./build/obj/vectors.o
Vector7C                                          ./build/obj/vectors.o
Vector80                                          ./build/obj/vectors.o
Vector84                                          ./build/obj/vectors.o
Vector88                                          ./build/obj/vectors.o
Vector8C                                          ./build/obj/vectors.o
Vector90                                          ./build/obj/vectors.o
Vector94                                          /tmp/cc92mjrv.ltrans0.ltrans.o
                                                  ./build/obj/stm32_isr.o (symbol from plugin)
                                                  ./build/obj/vectors.o
Vector98                                          /tmp/cc92mjrv.ltrans0.ltrans.o
                                                  ./build/obj/stm32_isr.o (symbol from plugin)
                                                  ./build/obj/vectors.o
Vector9C                                          ./build/obj/vectors.o
VectorA0                                          ./build/obj/vectors.o
VectorA4                                          ./build/obj/vectors.o
VectorA8                                          ./build/obj/vectors.o
VectorAC                                          ./build/obj/vectors.o
VectorB0                                          /tmp/cc92mjrv.ltrans0.ltrans.o
                                                  ./build/obj/stm32_isr.o (symbol from plugin)
                                                  ./build/obj/vectors.o
VectorB4                                          ./build/obj/vectors.o
VectorB8                                          ./build/obj/vectors.o
VectorBC                                          ./build/obj/vectors.o
__aeabi_idiv                                      /usr/lib/gcc/arm-none-eabi/13.2.1/thumb/v6-m/nofp/libgcc.a(_divsi3.o)
                                                  /tmp/cc92mjrv.ltrans0.ltrans.o
__aeabi_idiv0                                     /usr/lib/gcc/arm-none-eabi/13.2.1/thumb/v6-m/nofp/libgcc.a(_dvmd_tls.o)
                                                  /usr/lib/gcc/arm-none-eabi/13.2.1/thumb/v6-m/nofp/libgcc.a(_divsi3.o)
                                                  /usr/lib/gcc/arm-none-eabi/13.2.1/thumb/v6-m/nofp/libgcc.a(_udivsi3.o)
__aeabi_idivmod                                   /usr/lib/gcc/arm-none-eabi/13.2.1/thumb/v6-m/nofp/libgcc.a(_divsi3.o)
                                                  /tmp/cc92mjrv.ltrans0.ltrans.o
__aeabi_ldiv0                                     /usr/lib/gcc/arm-none-eabi/13.2.1/thumb/v6-m/nofp/libgcc.a(_dvmd_tls.o)
__aeabi_uidiv                                     /usr/lib/gcc/arm-none-eabi/13.2.1/thumb/v6-m/nofp/libgcc.a(_udivsi3.o)
                                                  /tmp/cc92mjrv.ltrans0.ltrans.o
__aeabi_uidivmod                                  /usr/lib/gcc/arm-none-eabi/13.2.1/thumb/v6-m/nofp/libgcc.a(_udivsi3.o)
                                                  /tmp/cc92mjrv.ltrans0.ltrans.o
__bo_dispose_impl                                 ./build/obj/oop_base_object.o (symbol from plugin)
__bo_objinit_impl                                 ./build/obj/oop_base_object.o (symbol from plugin)
__bss_base__                                      ./build/obj/crt0_v6m.o
__bss_end__                                       ./build/obj/crt0_v6m.o
__ch_delegate_fn0                                 ./build/obj/chdelegates.o (symbol from plugin)
__ch_delegate_fn1                                 ./build/obj/chdelegates.o (symbol from plugin)
__ch_delegate_fn2                                 ./build/obj/chdelegates.o (symbol from plugin)
__ch_delegate_fn3                                 ./build/obj/chdelegates.o (symbol from plugin)
__ch_delegate_fn4                                 ./build/obj/chdelegates.o (symbol from plugin)
__core_init                                       ./build/obj/chmemcore.o (symbol from plugin)
                                                  ./build/obj/chsys.o (symbol from plugin)
__cpu_init                                        /tmp/cc92mjrv.ltrans0.ltrans.o
                                                  ./build/obj/crt1.o (symbol from plugin)
                                                  ./build/obj/crt0_v6m.o
__data_base__                                     ./build/obj/crt0_v6m.o
__data_end__                                      ./build/obj/crt0_v6m.o
__default_exit                                    /tmp/cc92mjrv.ltrans0.ltrans.o
                                                  ./build/obj/crt1.o (symbol from plugin)
                                                  ./build/obj/crt0_v6m.o
__divsi3                                          /usr/lib/gcc/arm-none-eabi/13.2.1/thumb/v6-m/nofp/libgcc.a(_divsi3.o)
__early_init                                      /tmp/cc92mjrv.ltrans0.ltrans.o
                                                  ./build/obj/board.o (symbol from plugin)
                                                  ./build/obj/crt1.o (symbol from plugin)
                                                  ./build/obj/crt0_v6m.o
__factory_init                                    ./build/obj/chfactory.o (symbol from plugin)
                                                  ./build/obj/chsys.o (symbol from plugin)
__fini_array_base__                               ./build/obj/crt0_v6m.o
__fini_array_end__                                ./build/obj/crt0_v6m.o
__heap_base__                                     /tmp/cc92mjrv.ltrans0.ltrans.o
                                                  ./build/obj/chmemcore.o (symbol from plugin)
__heap_end__                                      /tmp/cc92mjrv.ltrans0.ltrans.o
                                                  ./build/obj/chmemcore.o (symbol from plugin)
__heap_init                                       ./build/obj/chmemheaps.o (symbol from plugin)
                                                  ./build/obj/chsys.o (symbol from plugin)
__init_array_base__                               ./build/obj/crt0_v6m.o
__init_array_end__                                ./build/obj/crt0_v6m.o
__init_ram_areas                                  /tmp/cc92mjrv.ltrans0.ltrans.o
                                                  ./build/obj/crt1.o (symbol from plugin)
                                                  ./build/obj/crt0_v6m.o
__late_init                                       /tmp/cc92mjrv.ltrans0.ltrans.o
                                                  ./build/obj/crt1.o (symbol from plugin)
                                                  ./build/obj/crt0_v6m.o
__main_stack_base__                               ./build/obj/crt0_v6m.o
__main_stack_end__                                ./build/obj/vectors.o
                                                  ./build/obj/crt0_v6m.o
__port_exit_from_isr                              ./build/obj/chcoreasm.o
                                                  /tmp/cc92mjrv.ltrans0.ltrans.o
                                                  ./build/obj/chcore.o (symbol from plugin)
__port_irq_epilogue                               ./build/obj/chcore.o (symbol from plugin)
                                                  ./build/obj/hal_usb_lld.o (symbol from plugin)
                                                  ./build/obj/stm32_dma.o (symbol from plugin)
                                                  ./build/obj/stm32_isr.o (symbol from plugin)
__port_switch                                     ./build/obj/chcoreasm.o
                                                  /tmp/cc92mjrv.ltrans0.ltrans.o
                                                  ./build/obj/chschd.o (symbol from plugin)
__port_switch_from_isr                            ./build/obj/chcoreasm.o
                                                  /tmp/cc92mjrv.ltrans0.ltrans.o
                                                  ./build/obj/chcore.o (symbol from plugin)
__port_thread_start                               ./build/obj/chcoreasm.o
                                                  /tmp/cc92mjrv.ltrans0.ltrans.o
                                                  ./build/obj/chthreads.o (symbol from plugin)
__process_stack_base__                            ./build/obj/crt0_v6m.o
__process_stack_end__                             ./build/obj/crt0_v6m.o
__ram0_clear__                                    /tmp/cc92mjrv.ltrans0.ltrans.o
                                                  ./build/obj/crt1.o (symbol from plugin)
__ram0_init__                                     /tmp/cc92mjrv.ltrans0.ltrans.o
                                                  ./build/obj/crt1.o (symbol from plugin)
__ram0_init_text__                                /tmp/cc92mjrv.ltrans0.ltrans.o
                                                  ./build/obj/crt1.o (symbol from plugin)
__ram0_noinit__                                   /tmp/cc92mjrv.ltrans0.ltrans.o
                                                  ./build/obj/crt1.o (symbol from plugin)
__ram1_clear__                                    /tmp/cc92mjrv.ltrans0.ltrans.o
                                                  ./build/obj/crt1.o (symbol from plugin)
__ram1_init__                                     /tmp/cc92mjrv.ltrans0.ltrans.o
                                                  ./build/obj/crt1.o (symbol from plugin)
__ram1_init_text__                                /tmp/cc92mjrv.ltrans0.ltrans.o
                                                  ./build/obj/crt1.o (symbol from plugin)
__ram1_noinit__                                   /tmp/cc92mjrv.ltrans0.ltrans.o
                                                  ./build/obj/crt1.o (symbol from plugin)
__ram2_clear__                                    /tmp/cc92mjrv.ltrans0.ltrans.o
                                                  ./build/obj/crt1.o (symbol from plugin)
__ram2_init__                                     /tmp/cc92mjrv.ltrans0.ltrans.o
                                                  ./build/obj/crt1.o (symbol from plugin)
__ram2_init_text__                                /tmp/cc92mjrv.ltrans0.ltrans.o
                                                  ./build/obj/crt1.o (symbol from plugin)
__ram2_noinit__                                   /tmp/cc92mjrv.ltrans0.ltrans.o
                                                  ./build/obj/crt1.o (symbol from plugin)
__ram3_clear__                                    /tmp/cc92mjrv.ltrans0.ltrans.o
                                                  ./build/obj/crt1.o (symbol from plugin)
__ram3_init__                                     /tmp/cc92mjrv.ltrans0.ltrans.o
                                                  ./build/obj/crt1.o (symbol from plugin)
__ram3_init_text__                                /tmp/cc92mjrv.ltrans0.ltrans.o
                                                  ./build/obj/crt1.o (symbol from plugin)
__ram3_noinit__                                   /tmp/cc92mjrv.ltrans0.ltrans.o
                                                  ./build/obj/crt1.o (symbol from plugin)
__ram4_clear__                                    /tmp/cc92mjrv.ltrans0.ltrans.o
                                                  ./build/obj/crt1.o (symbol from plugin)
__ram4_init__                                     /tmp/cc92mjrv.ltrans0.ltrans.o
                                                  ./build/obj/crt1.o (symbol from plugin)
__ram4_init_text__                                /tmp/cc92mjrv.ltrans0.ltrans.o
                                                  ./build/obj/crt1.o (symbol from plugin)
__ram4_noinit__                                   /tmp/cc92mjrv.ltrans0.ltrans.o
                                                  ./build/obj/crt1.o (symbol from plugin)
__ram5_clear__                                    /tmp/cc92mjrv.ltrans0.ltrans.o
                                                  ./build/obj/crt1.o (symbol from plugin)
__ram5_init__                                     /tmp/cc92mjrv.ltrans0.ltrans.o
                                                  ./build/obj/crt1.o (symbol from plugin)
__ram5_init_text__                                /tmp/cc92mjrv.ltrans0.ltrans.o
                                                  ./build/obj/crt1.o (symbol from plugin)
__ram5_noinit__                                   /tmp/cc92mjrv.ltrans0.ltrans.o
                                                  ./build/obj/crt1.o (symbol from plugin)
__ram6_clear__                                    /tmp/cc92mjrv.ltrans0.ltrans.o
                                                  ./build/obj/crt1.o (symbol from plugin)
__ram6_init__                                     /tmp/cc92mjrv.ltrans0.ltrans.o
                                                  ./build/obj/crt1.o (symbol from plugin)
__ram6_init_text__                                /tmp/cc92mjrv.ltrans0.ltrans.o
                                                  ./build/obj/crt1.o (symbol from plugin)
__ram6_noinit__                                   /tmp/cc92mjrv.ltrans0.ltrans.o
                                                  ./build/obj/crt1.o (symbol from plugin)
__ram7_clear__                                    /tmp/cc92mjrv.ltrans0.ltrans.o
                                                  ./build/obj/crt1.o (symbol from plugin)
__ram7_init__                                     /tmp/cc92mjrv.ltrans0.ltrans.o
                                                  ./build/obj/crt1.o (symbol from plugin)
__ram7_init_text__                                /tmp/cc92mjrv.ltrans0.ltrans.o
                                                  ./build/obj/crt1.o (symbol from plugin)
__ram7_noinit__                                   /tmp/cc92mjrv.ltrans0.ltrans.o
                                                  ./build/obj/crt1.o (symbol from plugin)
__textdata_base__                                 ./build/obj/crt0_v6m.o
__thd_object_init                                 ./build/obj/chthreads.o (symbol from plugin)
                                                  ./build/obj/chinstances.o (symbol from plugin)
__udivsi3                                         /usr/lib/gcc/arm-none-eabi/13.2.1/thumb/v6-m/nofp/libgcc.a(_udivsi3.o)
_crt0_entry                                       ./build/obj/crt0_v6m.o
                                                  ./build/obj/vectors.o
_ctype_                                           /usr/lib/gcc/arm-none-eabi/13.2.1/../../../arm-none-eabi/lib/thumb/v6-m/nofp/libg.a(libc_a-ctype_.o)
                                                  ./build/obj/chscanf.o (symbol from plugin)
_pal_events                                       ./build/obj/hal_pal_lld.o (symbol from plugin)
                                                  ./build/obj/stm32_isr.o (symbol from plugin)
                                                  ./build/obj/hal_pal.o (symbol from plugin)
_pal_lld_disablepadevent                          ./build/obj/hal_pal_lld.o (symbol from plugin)
_pal_lld_enablepadevent                           ./build/obj/hal_pal_lld.o (symbol from plugin)
_pal_lld_init                                     ./build/obj/hal_pal_lld.o (symbol from plugin)
                                                  ./build/obj/hal.o (symbol from plugin)
_pal_lld_setgroupmode                             ./build/obj/hal_pal_lld.o (symbol from plugin)
                                                  ./build/obj/ee_ws2812b_chibios_driver.o (symbol from plugin)
                                                  ./build/obj/portab.o (symbol from plugin)
                                                  ./build/obj/hal_pal.o (symbol from plugin)
_stm32_dma_streams                                ./build/obj/stm32_dma.o (symbol from plugin)
                                                  ./build/obj/stm32_isr.o (symbol from plugin)
_unhandled_exception                              ./build/obj/vectors.o
_usb_ep0in                                        ./build/obj/hal_usb.o (symbol from plugin)
                                                  ./build/obj/hal_usb_lld.o (symbol from plugin)
_usb_ep0out                                       ./build/obj/hal_usb.o (symbol from plugin)
                                                  ./build/obj/hal_usb_lld.o (symbol from plugin)
_usb_ep0setup                                     ./build/obj/hal_usb.o (symbol from plugin)
                                                  ./build/obj/hal_usb_lld.o (symbol from plugin)
_usb_reset                                        ./build/obj/hal_usb.o (symbol from plugin)
                                                  ./build/obj/hal_usb_lld.o (symbol from plugin)
_usb_suspend                                      ./build/obj/hal_usb.o (symbol from plugin)
                                                  ./build/obj/hal_usb_lld.o (symbol from plugin)
_usb_wakeup                                       ./build/obj/hal_usb.o (symbol from plugin)
                                                  ./build/obj/hal_usb_lld.o (symbol from plugin)
_vectors                                          ./build/obj/vectors.o
board.c.c37bec32                                  /tmp/ccgjfDgE.debug.temp.o
                                                  /tmp/cc92mjrv.ltrans0.ltrans.o
boardInit                                         ./build/obj/board.o (symbol from plugin)
                                                  ./build/obj/hal.o (symbol from plugin)
bsIncomingDataI                                   ./build/obj/hal_buffered_serial.o (symbol from plugin)
bsRequestDataI                                    ./build/obj/hal_buffered_serial.o (symbol from plugin)
bsaObjectInit                                     ./build/obj/bufstreams.o (symbol from plugin)
bufstreams.c.1fc31a7f                             /tmp/ccYLJThz.debug.temp.o
ch0                                               ./build/obj/chsys.o (symbol from plugin)
                                                  ./build/obj/chmsg.o (symbol from plugin)
                                                  ./build/obj/chevents.o (symbol from plugin)
                                                  ./build/obj/chcond.o (symbol from plugin)
                                                  ./build/obj/chmtx.o (symbol from plugin)
                                                  ./build/obj/chsem.o (symbol from plugin)
                                                  ./build/obj/chregistry.o (symbol from plugin)
                                                  ./build/obj/chthreads.o (symbol from plugin)
                                                  ./build/obj/chschd.o (symbol from plugin)
                                                  ./build/obj/chvt.o (symbol from plugin)
                                                  ./build/obj/chrfcu.o (symbol from plugin)
chCacheGetObject                                  ./build/obj/chobjcaches.o (symbol from plugin)
chCacheObjectInit                                 ./build/obj/chobjcaches.o (symbol from plugin)
chCacheReadObject                                 ./build/obj/chobjcaches.o (symbol from plugin)
chCacheReleaseObjectI                             ./build/obj/chobjcaches.o (symbol from plugin)
chCacheWriteObject                                ./build/obj/chobjcaches.o (symbol from plugin)
chCondBroadcast                                   ./build/obj/chcond.o (symbol from plugin)
chCondBroadcastI                                  ./build/obj/chcond.o (symbol from plugin)
chCondObjectInit                                  ./build/obj/chcond.o (symbol from plugin)
chCondSignal                                      ./build/obj/chcond.o (symbol from plugin)
chCondSignalI                                     ./build/obj/chcond.o (symbol from plugin)
chCondWait                                        ./build/obj/chcond.o (symbol from plugin)
chCondWaitS                                       ./build/obj/chcond.o (symbol from plugin)
chCondWaitTimeout                                 ./build/obj/chcond.o (symbol from plugin)
chCondWaitTimeoutS                                ./build/obj/chcond.o (symbol from plugin)
chCoreAllocFromBase                               ./build/obj/chmemcore.o (symbol from plugin)
chCoreAllocFromBaseI                              ./build/obj/chmemcore.o (symbol from plugin)
chCoreAllocFromTop                                ./build/obj/chmemcore.o (symbol from plugin)
                                                  ./build/obj/chmemheaps.o (symbol from plugin)
chCoreAllocFromTopI                               ./build/obj/chmemcore.o (symbol from plugin)
                                                  ./build/obj/chfactory.o (symbol from plugin)
chCoreGetStatusX                                  ./build/obj/chmemcore.o (symbol from plugin)
chDelegateCallVeneer                              ./build/obj/chdelegates.o (symbol from plugin)
chDelegateDispatch                                ./build/obj/chdelegates.o (symbol from plugin)
chDelegateDispatchTimeout                         ./build/obj/chdelegates.o (symbol from plugin)
chEvtAddEvents                                    ./build/obj/chevents.o (symbol from plugin)
chEvtBroadcastFlags                               ./build/obj/chevents.o (symbol from plugin)
chEvtBroadcastFlagsI                              ./build/obj/chevents.o (symbol from plugin)
                                                  ./build/obj/hal_serial_lld.o (symbol from plugin)
                                                  ./build/obj/hal_serial_usb.o (symbol from plugin)
                                                  ./build/obj/hal_serial.o (symbol from plugin)
                                                  ./build/obj/hal_buffered_serial.o (symbol from plugin)
chEvtDispatch                                     ./build/obj/chevents.o (symbol from plugin)
chEvtGetAndClearEvents                            ./build/obj/chevents.o (symbol from plugin)
chEvtGetAndClearEventsI                           ./build/obj/chevents.o (symbol from plugin)
chEvtGetAndClearFlags                             ./build/obj/chevents.o (symbol from plugin)
chEvtGetAndClearFlagsI                            ./build/obj/chevents.o (symbol from plugin)
chEvtRegisterMaskWithFlags                        ./build/obj/chevents.o (symbol from plugin)
chEvtRegisterMaskWithFlagsI                       ./build/obj/chevents.o (symbol from plugin)
chEvtSignal                                       ./build/obj/chevents.o (symbol from plugin)
chEvtSignalI                                      ./build/obj/chevents.o (symbol from plugin)
chEvtUnregister                                   ./build/obj/chevents.o (symbol from plugin)
chEvtWaitAll                                      ./build/obj/chevents.o (symbol from plugin)
chEvtWaitAllTimeout                               ./build/obj/chevents.o (symbol from plugin)
chEvtWaitAny                                      ./build/obj/chevents.o (symbol from plugin)
chEvtWaitAnyTimeout                               ./build/obj/chevents.o (symbol from plugin)
chEvtWaitOne                                      ./build/obj/chevents.o (symbol from plugin)
chEvtWaitOneTimeout                               ./build/obj/chevents.o (symbol from plugin)
chFactoryCreateBuffer                             ./build/obj/chfactory.o (symbol from plugin)
chFactoryCreateMailbox                            ./build/obj/chfactory.o (symbol from plugin)
chFactoryCreateObjectsFIFO                        ./build/obj/chfactory.o (symbol from plugin)
chFactoryCreatePipe                               ./build/obj/chfactory.o (symbol from plugin)
chFactoryCreateSemaphore                          ./build/obj/chfactory.o (symbol from plugin)
chFactoryFindBuffer                               ./build/obj/chfactory.o (symbol from plugin)
chFactoryFindMailbox                              ./build/obj/chfactory.o (symbol from plugin)
chFactoryFindObject                               ./build/obj/chfactory.o (symbol from plugin)
chFactoryFindObjectByPointer                      ./build/obj/chfactory.o (symbol from plugin)
chFactoryFindObjectsFIFO                          ./build/obj/chfactory.o (symbol from plugin)
chFactoryFindPipe                                 ./build/obj/chfactory.o (symbol from plugin)
chFactoryFindSemaphore                            ./build/obj/chfactory.o (symbol from plugin)
chFactoryRegisterObject                           ./build/obj/chfactory.o (symbol from plugin)
chFactoryReleaseBuffer                            ./build/obj/chfactory.o (symbol from plugin)
chFactoryReleaseMailbox                           ./build/obj/chfactory.o (symbol from plugin)
chFactoryReleaseObject                            ./build/obj/chfactory.o (symbol from plugin)
chFactoryReleaseObjectsFIFO                       ./build/obj/chfactory.o (symbol from plugin)
chFactoryReleasePipe                              ./build/obj/chfactory.o (symbol from plugin)
chFactoryReleaseSemaphore                         ./build/obj/chfactory.o (symbol from plugin)
chGuardedPoolAllocTimeout                         ./build/obj/chmempools.o (symbol from plugin)
chGuardedPoolAllocTimeoutS                        ./build/obj/chmempools.o (symbol from plugin)
chGuardedPoolFree                                 ./build/obj/chmempools.o (symbol from plugin)
chGuardedPoolLoadArray                            ./build/obj/chmempools.o (symbol from plugin)
                                                  ./build/obj/chfactory.o (symbol from plugin)
chGuardedPoolObjectInitAligned                    ./build/obj/chmempools.o (symbol from plugin)
                                                  ./build/obj/chfactory.o (symbol from plugin)
chHeapAllocAligned                                ./build/obj/chmemheaps.o (symbol from plugin)
                                                  ./build/obj/chfactory.o (symbol from plugin)
                                                  ./build/obj/chdynamic.o (symbol from plugin)
chHeapFree                                        ./build/obj/chmemheaps.o (symbol from plugin)
                                                  ./build/obj/chfactory.o (symbol from plugin)
                                                  ./build/obj/chthreads.o (symbol from plugin)
chHeapObjectInit                                  ./build/obj/chmemheaps.o (symbol from plugin)
chHeapStatus                                      ./build/obj/chmemheaps.o (symbol from plugin)
chInstanceObjectInit                              ./build/obj/chinstances.o (symbol from plugin)
                                                  ./build/obj/chsys.o (symbol from plugin)
chMBFetchI                                        ./build/obj/chmboxes.o (symbol from plugin)
chMBFetchTimeout                                  ./build/obj/chmboxes.o (symbol from plugin)